2026/03/12 09:22:19 - mmengine - INFO - 
------------------------------------------------------------
System environment:
    sys.platform: linux
    Python: 3.10.19 (main, Oct 21 2025, 16:43:05) [GCC 11.2.0]
    CUDA available: True
    MUSA available: False
    numpy_random_seed: 1279006277
    GPU 0: NVIDIA H100 NVL
    CUDA_HOME: /data/ataparia/conda/envs/waymo
    NVCC: Cuda compilation tools, release 11.8, V11.8.89
    GCC: gcc (Ubuntu 13.3.0-6ubuntu2~24.04.1) 13.3.0
    PyTorch: 2.1.2+cu118
    PyTorch compiling details: PyTorch built with:
  - GCC 9.3
  - C++ Version: 201703
  - Intel(R) oneAPI Math Kernel Library Version 2022.2-Product Build 20220804 for Intel(R) 64 architecture applications
  - Intel(R) MKL-DNN v3.1.1 (Git Hash 64f6bcbcbab628e96f33a62c3e975f8535a7bde4)
  - OpenMP 201511 (a.k.a. OpenMP 4.5)
  - LAPACK is enabled (usually provided by MKL)
  - NNPACK is enabled
  - CPU capability usage: AVX512
  - CUDA Runtime 11.8
  - NVCC architecture flags: -gencode;arch=compute_50,code=sm_50;-gencode;arch=compute_60,code=sm_60;-gencode;arch=compute_70,code=sm_70;-gencode;arch=compute_75,code=sm_75;-gencode;arch=compute_80,code=sm_80;-gencode;arch=compute_86,code=sm_86;-gencode;arch=compute_37,code=sm_37;-gencode;arch=compute_90,code=sm_90
  - CuDNN 8.7
  - Magma 2.6.1
  - Build settings: BLAS_INFO=mkl, BUILD_TYPE=Release, CUDA_VERSION=11.8, CUDNN_VERSION=8.7.0, CXX_COMPILER=/opt/rh/devtoolset-9/root/usr/bin/c++, CXX_FLAGS= -D_GLIBCXX_USE_CXX11_ABI=0 -fabi-version=11 -fvisibility-inlines-hidden -DUSE_PTHREADPOOL -DNDEBUG -DUSE_KINETO -DLIBKINETO_NOROCTRACER -DUSE_FBGEMM -DUSE_QNNPACK -DUSE_PYTORCH_QNNPACK -DUSE_XNNPACK -DSYMBOLICATE_MOBILE_DEBUG_HANDLE -O2 -fPIC -Wall -Wextra -Werror=return-type -Werror=non-virtual-dtor -Werror=bool-operation -Wnarrowing -Wno-missing-field-initializers -Wno-type-limits -Wno-array-bounds -Wno-unknown-pragmas -Wno-unused-parameter -Wno-unused-function -Wno-unused-result -Wno-strict-overflow -Wno-strict-aliasing -Wno-stringop-overflow -Wno-psabi -Wno-error=pedantic -Wno-error=old-style-cast -Wno-invalid-partial-specialization -Wno-unused-private-field -Wno-aligned-allocation-unavailable -Wno-missing-braces -fdiagnostics-color=always -faligned-new -Wno-unused-but-set-variable -Wno-maybe-uninitialized -fno-math-errno -fno-trapping-math -Werror=format -Werror=cast-function-type -Wno-stringop-overflow, LAPACK_INFO=mkl, PERF_WITH_AVX=1, PERF_WITH_AVX2=1, PERF_WITH_AVX512=1, TORCH_DISABLE_GPU_ASSERTS=ON, TORCH_VERSION=2.1.2, USE_CUDA=ON, USE_CUDNN=ON, USE_EXCEPTION_PTR=1, USE_GFLAGS=OFF, USE_GLOG=OFF, USE_MKL=ON, USE_MKLDNN=ON, USE_MPI=OFF, USE_NCCL=1, USE_NNPACK=ON, USE_OPENMP=ON, USE_ROCM=OFF, 

    TorchVision: 0.16.2+cu118
    OpenCV: 4.13.0
    MMEngine: 0.10.6

Runtime environment:
    dist_cfg: {'backend': 'nccl'}
    seed: 1279006277
    Distributed launcher: none
    Distributed training: False
    GPU number: 1
------------------------------------------------------------

2026/03/12 09:22:20 - mmengine - INFO - Config:
auto_scale_lr = dict(base_batch_size=32, enable=False)
backend_args = None
checkpoint_config = dict(interval=1)
class_names = [
    'Car',
    'Pedestrian',
    'Cyclist',
]
custom_imports = dict(
    allow_failed_imports=False,
    imports=[
        'configs.cbam_ensemble_vlm.cbam_ensemble_vlm_film',
    ])
data_root = '/data/ataparia/LidarTraining/night-day-frames/'
dataset_type = 'WaymoDataset'
db_sampler = dict(
    backend_args=None,
    classes=[
        'Car',
        'Pedestrian',
        'Cyclist',
    ],
    data_root='/data/ataparia/LidarTraining/night-day-frames/',
    info_path=
    '/data/ataparia/LidarTraining/night-day-frames/waymo_dbinfos_train.pkl',
    points_loader=dict(
        backend_args=None,
        coord_type='LIDAR',
        load_dim=6,
        type='LoadPointsFromFile',
        use_dim=[
            0,
            1,
            2,
            3,
            4,
        ]),
    prepare=dict(
        filter_by_difficulty=[
            -1,
        ],
        filter_by_min_points=dict(Car=5, Cyclist=5, Pedestrian=5)),
    rate=1.0,
    sample_groups=dict(Car=15, Cyclist=10, Pedestrian=10))
dist_params = dict(backend='nccl')
input_modality = dict(use_camera=True, use_lidar=True)
launcher = 'none'
load_from = None
log_config = dict(
    hooks=[
        [
            dict(type='LocalVisBackend'),
            dict(type='TensorboardVisBackend'),
            dict(
                init_kwargs=dict(
                    mode='online',
                    name='cbam_ensemble_vlm_film',
                    project='MMdet_LiDAR_ObjectDetection'),
                type='WandbVisBackend'),
        ],
        dict(
            name='visualizer',
            type='DetLocalVisualizer',
            vis_backends=[
                dict(type='LocalVisBackend'),
                dict(type='TensorboardVisBackend'),
                dict(
                    init_kwargs=dict(
                        mode='online',
                        name='cbam_ensemble_vlm_film',
                        project='MMdet_LiDAR_ObjectDetection'),
                    type='WandbVisBackend'),
            ]),
    ],
    interval=50)
log_level = 'INFO'
lr_config = dict(
    policy='step',
    step=[
        20,
        23,
    ],
    warmup='linear',
    warmup_iters=1000,
    warmup_ratio=0.001)
metainfo = dict(classes=[
    'Car',
    'Pedestrian',
    'Cyclist',
])
model = dict(
    backbone=dict(
        in_channels=384,
        layer_nums=[
            5,
            5,
        ],
        layer_strides=[
            1,
            2,
        ],
        norm_cfg=dict(eps=0.001, momentum=0.01, type='naiveSyncBN2d'),
        out_channels=[
            128,
            256,
        ],
        type='SECOND'),
    bbox_head=dict(
        anchor_generator=dict(
            ranges=[
                [
                    -76.8,
                    -51.2,
                    -0.0345,
                    76.8,
                    51.2,
                    -0.0345,
                ],
                [
                    -76.8,
                    -51.2,
                    0,
                    76.8,
                    51.2,
                    0,
                ],
                [
                    -76.8,
                    -51.2,
                    -0.1188,
                    76.8,
                    51.2,
                    -0.1188,
                ],
            ],
            reshape_out=False,
            rotations=[
                0,
                1.57,
            ],
            sizes=[
                [
                    4.73,
                    2.08,
                    1.77,
                ],
                [
                    0.91,
                    0.84,
                    1.74,
                ],
                [
                    1.81,
                    0.84,
                    1.77,
                ],
            ],
            type='AlignedAnchor3DRangeGenerator'),
        bbox_coder=dict(code_size=7, type='DeltaXYZWLHRBBoxCoder'),
        diff_rad_by_sin=True,
        dir_offset=-0.7854,
        feat_channels=512,
        in_channels=512,
        loss_bbox=dict(
            beta=0.1111111111111111,
            loss_weight=1.0,
            type='mmdet.SmoothL1Loss'),
        loss_cls=dict(
            alpha=0.25,
            gamma=2.0,
            loss_weight=1.0,
            type='mmdet.FocalLoss',
            use_sigmoid=True),
        loss_dir=dict(
            loss_weight=0.2, type='mmdet.CrossEntropyLoss', use_sigmoid=False),
        num_classes=3,
        type='Anchor3DHead',
        use_direction_classifier=True),
    lidar_model_cfg_path='configs/second_detr_ensemble.py',
    lidar_model_path=
    '/data/ataparia/mmdet_lidar/work_dirs/second/epoch_100.pth',
    neck=dict(
        in_channels=[
            128,
            256,
        ],
        norm_cfg=dict(eps=0.001, momentum=0.01, type='naiveSyncBN2d'),
        out_channels=[
            256,
            256,
        ],
        type='SECONDFPN',
        upsample_strides=[
            1,
            2,
        ]),
    rgb_model_path=
    '/data/ataparia/RGBTraining/trained_models/rgb_fulldata/checkpoint-190000',
    test_cfg=dict(
        max_num=500,
        min_bbox_size=0,
        nms_across_levels=False,
        nms_pre=4096,
        nms_thr=0.25,
        score_thr=0.1,
        use_rotate_nms=True),
    test_jsonl_file='conditions/smolvlm_conditions/dawn_dusk_testing.jsonl',
    train_cfg=dict(
        allowed_border=0,
        assigner=[
            dict(
                ignore_iof_thr=-1,
                iou_calculator=dict(type='BboxOverlapsNearest3D'),
                min_pos_iou=0.4,
                neg_iou_thr=0.4,
                pos_iou_thr=0.55,
                type='mmdet.MaxIoUAssigner'),
            dict(
                ignore_iof_thr=-1,
                iou_calculator=dict(type='BboxOverlapsNearest3D'),
                min_pos_iou=0.3,
                neg_iou_thr=0.3,
                pos_iou_thr=0.5,
                type='mmdet.MaxIoUAssigner'),
            dict(
                ignore_iof_thr=-1,
                iou_calculator=dict(type='BboxOverlapsNearest3D'),
                min_pos_iou=0.3,
                neg_iou_thr=0.3,
                pos_iou_thr=0.5,
                type='mmdet.MaxIoUAssigner'),
        ],
        code_weight=[
            1.0,
            1.0,
            1.0,
            1.0,
            1.0,
            1.0,
            1.0,
        ],
        debug=False,
        pos_weight=-1),
    train_jsonl_file='conditions/night-day_training.jsonl',
    type='CBAMEnsembleVLMFiLM',
    val_jsonl_file='conditions/night-day_validation.jsonl')
momentum_config = None
mp_start_method = 'fork'
opencv_num_threads = 0
optim_wrapper = dict(
    optimizer=dict(lr=0.001, type='AdamW', weight_decay=0.01),
    type='OptimWrapper')
optimizer = dict(lr=0.001, type='AdamW', weight_decay=0.01)
optimizer_config = dict(grad_clip=dict(max_norm=35, norm_type=2))
point_cloud_range = [
    -76.8,
    -51.2,
    -2,
    76.8,
    51.2,
    4,
]
resume = True
resume_from = None
runner = dict(max_epochs=24, type='EpochBasedRunner')
test_cfg = dict(type='TestLoop')
test_data_root = '/data/ataparia/LidarTraining/dawn_dusk-frames/'
test_dataloader = dict(
    batch_size=4,
    dataset=dict(
        ann_file='waymo_infos_test.pkl',
        backend_args=None,
        box_type_3d='LiDAR',
        data_prefix=dict(img='testing/image_0', pts='testing/velodyne'),
        data_root='/data/ataparia/LidarTraining/dawn_dusk-frames/',
        default_cam_key='CAM_FRONT',
        metainfo=dict(classes=[
            'Car',
            'Pedestrian',
            'Cyclist',
        ]),
        modality=dict(use_camera=True, use_lidar=True),
        pipeline=[
            dict(
                backend_args=None,
                coord_type='LIDAR',
                load_dim=6,
                type='LoadPointsFromFile',
                use_dim=5),
            dict(
                backend_args=None,
                data_root=
                '/data/ataparia/LidarTraining/dawn_dusk-frames/testing/image_0',
                type='LoadImageFromFile'),
            dict(
                flip=False,
                img_scale=(
                    1333,
                    800,
                ),
                pts_scale_ratio=1,
                transforms=[
                    dict(
                        rot_range=[
                            0,
                            0,
                        ],
                        scale_ratio_range=[
                            1.0,
                            1.0,
                        ],
                        translation_std=[
                            0,
                            0,
                            0,
                        ],
                        type='GlobalRotScaleTrans'),
                    dict(type='RandomFlip3D'),
                    dict(
                        point_cloud_range=[
                            -76.8,
                            -51.2,
                            -2,
                            76.8,
                            51.2,
                            4,
                        ],
                        type='PointsRangeFilter'),
                ],
                type='MultiScaleFlipAug3D'),
            dict(
                keys=[
                    'points',
                    'img',
                    'gt_bboxes_3d',
                    'gt_labels_3d',
                    'gt_bboxes',
                    'gt_labels',
                ],
                meta_keys=[
                    'box_type_3d',
                    'sample_idx',
                    'context_name',
                    'timestamp',
                    'img_path',
                ],
                type='Pack3DDetInputs'),
        ],
        test_mode=True,
        type='WaymoDataset'),
    drop_last=False,
    num_workers=4,
    persistent_workers=True,
    sampler=dict(shuffle=False, type='DefaultSampler'))
test_evaluator = dict(
    type='WaymoMetric', waymo_bin_file='gt_dawn_dusk_testing.bin')
test_pipeline = [
    dict(
        backend_args=None,
        coord_type='LIDAR',
        load_dim=6,
        type='LoadPointsFromFile',
        use_dim=5),
    dict(
        backend_args=None,
        data_root=
        '/data/ataparia/LidarTraining/dawn_dusk-frames/testing/image_0',
        type='LoadImageFromFile'),
    dict(
        flip=False,
        img_scale=(
            1333,
            800,
        ),
        pts_scale_ratio=1,
        transforms=[
            dict(
                rot_range=[
                    0,
                    0,
                ],
                scale_ratio_range=[
                    1.0,
                    1.0,
                ],
                translation_std=[
                    0,
                    0,
                    0,
                ],
                type='GlobalRotScaleTrans'),
            dict(type='RandomFlip3D'),
            dict(
                point_cloud_range=[
                    -76.8,
                    -51.2,
                    -2,
                    76.8,
                    51.2,
                    4,
                ],
                type='PointsRangeFilter'),
        ],
        type='MultiScaleFlipAug3D'),
    dict(
        keys=[
            'points',
            'img',
            'gt_bboxes_3d',
            'gt_labels_3d',
            'gt_bboxes',
            'gt_labels',
        ],
        meta_keys=[
            'box_type_3d',
            'sample_idx',
            'context_name',
            'timestamp',
            'img_path',
        ],
        type='Pack3DDetInputs'),
]
train_cfg = dict(max_epochs=50, type='EpochBasedTrainLoop', val_interval=1)
train_dataloader = dict(
    batch_size=4,
    dataset=dict(
        dataset=dict(
            ann_file='waymo_infos_train.pkl',
            backend_args=None,
            box_type_3d='LiDAR',
            data_prefix=dict(img='training/image_0', pts='training/velodyne'),
            data_root='/data/ataparia/LidarTraining/night-day-frames/',
            default_cam_key='CAM_FRONT',
            load_interval=5,
            modality=dict(use_camera=True, use_lidar=True),
            pipeline=[
                dict(
                    backend_args=None,
                    coord_type='LIDAR',
                    load_dim=6,
                    type='LoadPointsFromFile',
                    use_dim=5),
                dict(
                    backend_args=None,
                    data_root=
                    '/data/ataparia/LidarTraining/night-day-frames/training/image_0',
                    type='LoadImageFromFile'),
                dict(
                    type='LoadAnnotations3D',
                    with_bbox_3d=True,
                    with_label_3d=True),
                dict(
                    flip_ratio_bev_horizontal=0.5,
                    flip_ratio_bev_vertical=0.5,
                    sync_2d=False,
                    type='RandomFlip3D'),
                dict(
                    rot_range=[
                        -0.78539816,
                        0.78539816,
                    ],
                    scale_ratio_range=[
                        0.95,
                        1.05,
                    ],
                    type='GlobalRotScaleTrans'),
                dict(
                    point_cloud_range=[
                        -76.8,
                        -51.2,
                        -2,
                        76.8,
                        51.2,
                        4,
                    ],
                    type='PointsRangeFilter'),
                dict(
                    point_cloud_range=[
                        -76.8,
                        -51.2,
                        -2,
                        76.8,
                        51.2,
                        4,
                    ],
                    type='ObjectRangeFilter'),
                dict(type='PointShuffle'),
                dict(
                    keys=[
                        'points',
                        'img',
                        'gt_bboxes_3d',
                        'gt_labels_3d',
                        'gt_bboxes',
                        'gt_labels',
                    ],
                    meta_keys=[
                        'box_type_3d',
                        'sample_idx',
                        'context_name',
                        'timestamp',
                        'img_path',
                    ],
                    type='Pack3DDetInputs'),
            ],
            test_mode=False,
            type='WaymoDataset'),
        times=2,
        type='RepeatDataset'),
    num_workers=4,
    persistent_workers=True,
    sampler=dict(shuffle=True, type='DefaultSampler'))
train_pipeline = [
    dict(
        backend_args=None,
        coord_type='LIDAR',
        load_dim=6,
        type='LoadPointsFromFile',
        use_dim=5),
    dict(
        backend_args=None,
        data_root=
        '/data/ataparia/LidarTraining/night-day-frames/training/image_0',
        type='LoadImageFromFile'),
    dict(type='LoadAnnotations3D', with_bbox_3d=True, with_label_3d=True),
    dict(
        flip_ratio_bev_horizontal=0.5,
        flip_ratio_bev_vertical=0.5,
        sync_2d=False,
        type='RandomFlip3D'),
    dict(
        rot_range=[
            -0.78539816,
            0.78539816,
        ],
        scale_ratio_range=[
            0.95,
            1.05,
        ],
        type='GlobalRotScaleTrans'),
    dict(
        point_cloud_range=[
            -76.8,
            -51.2,
            -2,
            76.8,
            51.2,
            4,
        ],
        type='PointsRangeFilter'),
    dict(
        point_cloud_range=[
            -76.8,
            -51.2,
            -2,
            76.8,
            51.2,
            4,
        ],
        type='ObjectRangeFilter'),
    dict(type='PointShuffle'),
    dict(
        keys=[
            'points',
            'img',
            'gt_bboxes_3d',
            'gt_labels_3d',
            'gt_bboxes',
            'gt_labels',
        ],
        meta_keys=[
            'box_type_3d',
            'sample_idx',
            'context_name',
            'timestamp',
            'img_path',
        ],
        type='Pack3DDetInputs'),
]
val_cfg = dict(type='ValLoop')
val_dataloader = dict(
    batch_size=4,
    dataset=dict(
        ann_file='waymo_infos_val.pkl',
        backend_args=None,
        box_type_3d='LiDAR',
        data_prefix=dict(img='training/image_0', pts='training/velodyne'),
        data_root='/data/ataparia/LidarTraining/night-day-frames/',
        default_cam_key='CAM_FRONT',
        metainfo=dict(classes=[
            'Car',
            'Pedestrian',
            'Cyclist',
        ]),
        modality=dict(use_camera=True, use_lidar=True),
        pipeline=[
            dict(
                backend_args=None,
                coord_type='LIDAR',
                load_dim=6,
                type='LoadPointsFromFile',
                use_dim=5),
            dict(
                backend_args=None,
                data_root=
                '/data/ataparia/LidarTraining/night-day-frames/training/image_0',
                type='LoadImageFromFile'),
            dict(
                flip=False,
                img_scale=(
                    1333,
                    800,
                ),
                pts_scale_ratio=1,
                transforms=[
                    dict(
                        rot_range=[
                            0,
                            0,
                        ],
                        scale_ratio_range=[
                            1.0,
                            1.0,
                        ],
                        translation_std=[
                            0,
                            0,
                            0,
                        ],
                        type='GlobalRotScaleTrans'),
                    dict(type='RandomFlip3D'),
                    dict(
                        point_cloud_range=[
                            -76.8,
                            -51.2,
                            -2,
                            76.8,
                            51.2,
                            4,
                        ],
                        type='PointsRangeFilter'),
                ],
                type='MultiScaleFlipAug3D'),
            dict(
                keys=[
                    'points',
                    'img',
                    'gt_bboxes_3d',
                    'gt_labels_3d',
                    'gt_bboxes',
                    'gt_labels',
                ],
                meta_keys=[
                    'box_type_3d',
                    'sample_idx',
                    'context_name',
                    'timestamp',
                    'img_path',
                ],
                type='Pack3DDetInputs'),
        ],
        test_mode=True,
        type='WaymoDataset'),
    drop_last=False,
    num_workers=4,
    persistent_workers=True,
    sampler=dict(shuffle=False, type='DefaultSampler'))
val_evaluator = dict(type='WaymoMetric', waymo_bin_file='gt_validation.bin')
val_pipeline = [
    dict(
        backend_args=None,
        coord_type='LIDAR',
        load_dim=6,
        type='LoadPointsFromFile',
        use_dim=5),
    dict(
        backend_args=None,
        data_root=
        '/data/ataparia/LidarTraining/night-day-frames/training/image_0',
        type='LoadImageFromFile'),
    dict(
        flip=False,
        img_scale=(
            1333,
            800,
        ),
        pts_scale_ratio=1,
        transforms=[
            dict(
                rot_range=[
                    0,
                    0,
                ],
                scale_ratio_range=[
                    1.0,
                    1.0,
                ],
                translation_std=[
                    0,
                    0,
                    0,
                ],
                type='GlobalRotScaleTrans'),
            dict(type='RandomFlip3D'),
            dict(
                point_cloud_range=[
                    -76.8,
                    -51.2,
                    -2,
                    76.8,
                    51.2,
                    4,
                ],
                type='PointsRangeFilter'),
        ],
        type='MultiScaleFlipAug3D'),
    dict(
        keys=[
            'points',
            'img',
            'gt_bboxes_3d',
            'gt_labels_3d',
            'gt_bboxes',
            'gt_labels',
        ],
        meta_keys=[
            'box_type_3d',
            'sample_idx',
            'context_name',
            'timestamp',
            'img_path',
        ],
        type='Pack3DDetInputs'),
]
work_dir = 'YOUR_PATH/cbam_ensemble_vlm_film_30_conditions'
workflow = [
    (
        'train',
        1,
    ),
]

2026/03/12 09:22:21 - mmengine - WARNING - The current default scope "mmengine" is not "mmdet3d", `init_default_scope` will force set the currentdefault scope to "mmdet3d".
2026/03/12 09:22:24 - mmengine - INFO - Distributed training is not used, all SyncBatchNorm (SyncBN) layers in the model will be automatically reverted to BatchNormXd layers if they are used.
2026/03/12 09:22:24 - mmengine - INFO - Hooks will be executed in the following order:
before_run:
(VERY_HIGH   ) RuntimeInfoHook                    
(BELOW_NORMAL) LoggerHook                         
 -------------------- 
before_train:
(VERY_HIGH   ) RuntimeInfoHook                    
(NORMAL      ) IterTimerHook                      
(VERY_LOW    ) CheckpointHook                     
 -------------------- 
before_train_epoch:
(VERY_HIGH   ) RuntimeInfoHook                    
(NORMAL      ) IterTimerHook                      
(NORMAL      ) DistSamplerSeedHook                
 -------------------- 
before_train_iter:
(VERY_HIGH   ) RuntimeInfoHook                    
(NORMAL      ) IterTimerHook                      
 -------------------- 
after_train_iter:
(VERY_HIGH   ) RuntimeInfoHook                    
(NORMAL      ) IterTimerHook                      
(BELOW_NORMAL) LoggerHook                         
(LOW         ) ParamSchedulerHook                 
(VERY_LOW    ) CheckpointHook                     
 -------------------- 
after_train_epoch:
(NORMAL      ) IterTimerHook                      
(LOW         ) ParamSchedulerHook                 
(VERY_LOW    ) CheckpointHook                     
 -------------------- 
before_val:
(VERY_HIGH   ) RuntimeInfoHook                    
 -------------------- 
before_val_epoch:
(NORMAL      ) IterTimerHook                      
 -------------------- 
before_val_iter:
(NORMAL      ) IterTimerHook                      
 -------------------- 
after_val_iter:
(NORMAL      ) IterTimerHook                      
(BELOW_NORMAL) LoggerHook                         
 -------------------- 
after_val_epoch:
(VERY_HIGH   ) RuntimeInfoHook                    
(NORMAL      ) IterTimerHook                      
(BELOW_NORMAL) LoggerHook                         
(LOW         ) ParamSchedulerHook                 
(VERY_LOW    ) CheckpointHook                     
 -------------------- 
after_val:
(VERY_HIGH   ) RuntimeInfoHook                    
 -------------------- 
after_train:
(VERY_HIGH   ) RuntimeInfoHook                    
(VERY_LOW    ) CheckpointHook                     
 -------------------- 
before_test:
(VERY_HIGH   ) RuntimeInfoHook                    
 -------------------- 
before_test_epoch:
(NORMAL      ) IterTimerHook                      
 -------------------- 
before_test_iter:
(NORMAL      ) IterTimerHook                      
 -------------------- 
after_test_iter:
(NORMAL      ) IterTimerHook                      
(BELOW_NORMAL) LoggerHook                         
 -------------------- 
after_test_epoch:
(VERY_HIGH   ) RuntimeInfoHook                    
(NORMAL      ) IterTimerHook                      
(BELOW_NORMAL) LoggerHook                         
 -------------------- 
after_test:
(VERY_HIGH   ) RuntimeInfoHook                    
 -------------------- 
after_run:
(BELOW_NORMAL) LoggerHook                         
 -------------------- 
2026/03/12 09:23:33 - mmengine - INFO - Sample size will be reduced to 1/5 of the original data sample
2026/03/12 09:23:43 - mmengine - INFO - ------------------------------
2026/03/12 09:23:43 - mmengine - INFO - The length of training dataset: 14623
2026/03/12 09:23:43 - mmengine - INFO - The number of instances per category in the dataset:
+------------+--------+
| category   | number |
+------------+--------+
| Car        | 491755 |
| Pedestrian | 339095 |
| Cyclist    | 6085   |
+------------+--------+
2026/03/12 09:23:57 - mmengine - INFO - ------------------------------
2026/03/12 09:23:57 - mmengine - INFO - The length of test dataset: 9139
2026/03/12 09:23:57 - mmengine - INFO - The number of instances per category in the dataset:
+------------+--------+
| category   | number |
+------------+--------+
| Car        | 305898 |
| Pedestrian | 215689 |
| Cyclist    | 3769   |
+------------+--------+
Name of parameter - Initialization information

rgb_backbone.conv_encoder.model.conv1.weight - torch.Size([64, 3, 7, 7]): 
The value is the same before and after calling `init_weights` of CBAMEnsembleVLMFiLM  

rgb_backbone.conv_encoder.model.layer1.0.conv1.weight - torch.Size([64, 64, 1, 1]): 
The value is the same before and after calling `init_weights` of CBAMEnsembleVLMFiLM  

rgb_backbone.conv_encoder.model.layer1.0.conv2.weight - torch.Size([64, 64, 3, 3]): 
The value is the same before and after calling `init_weights` of CBAMEnsembleVLMFiLM  

rgb_backbone.conv_encoder.model.layer1.0.conv3.weight - torch.Size([256, 64, 1, 1]): 
The value is the same before and after calling `init_weights` of CBAMEnsembleVLMFiLM  

rgb_backbone.conv_encoder.model.layer1.0.downsample.0.weight - torch.Size([256, 64, 1, 1]): 
The value is the same before and after calling `init_weights` of CBAMEnsembleVLMFiLM  

rgb_backbone.conv_encoder.model.layer1.1.conv1.weight - torch.Size([64, 256, 1, 1]): 
The value is the same before and after calling `init_weights` of CBAMEnsembleVLMFiLM  

rgb_backbone.conv_encoder.model.layer1.1.conv2.weight - torch.Size([64, 64, 3, 3]): 
The value is the same before and after calling `init_weights` of CBAMEnsembleVLMFiLM  

rgb_backbone.conv_encoder.model.layer1.1.conv3.weight - torch.Size([256, 64, 1, 1]): 
The value is the same before and after calling `init_weights` of CBAMEnsembleVLMFiLM  

rgb_backbone.conv_encoder.model.layer1.2.conv1.weight - torch.Size([64, 256, 1, 1]): 
The value is the same before and after calling `init_weights` of CBAMEnsembleVLMFiLM  

rgb_backbone.conv_encoder.model.layer1.2.conv2.weight - torch.Size([64, 64, 3, 3]): 
The value is the same before and after calling `init_weights` of CBAMEnsembleVLMFiLM  

rgb_backbone.conv_encoder.model.layer1.2.conv3.weight - torch.Size([256, 64, 1, 1]): 
The value is the same before and after calling `init_weights` of CBAMEnsembleVLMFiLM  

rgb_backbone.conv_encoder.model.layer2.0.conv1.weight - torch.Size([128, 256, 1, 1]): 
The value is the same before and after calling `init_weights` of CBAMEnsembleVLMFiLM  

rgb_backbone.conv_encoder.model.layer2.0.conv2.weight - torch.Size([128, 128, 3, 3]): 
The value is the same before and after calling `init_weights` of CBAMEnsembleVLMFiLM  

rgb_backbone.conv_encoder.model.layer2.0.conv3.weight - torch.Size([512, 128, 1, 1]): 
The value is the same before and after calling `init_weights` of CBAMEnsembleVLMFiLM  

rgb_backbone.conv_encoder.model.layer2.0.downsample.0.weight - torch.Size([512, 256, 1, 1]): 
The value is the same before and after calling `init_weights` of CBAMEnsembleVLMFiLM  

rgb_backbone.conv_encoder.model.layer2.1.conv1.weight - torch.Size([128, 512, 1, 1]): 
The value is the same before and after calling `init_weights` of CBAMEnsembleVLMFiLM  

rgb_backbone.conv_encoder.model.layer2.1.conv2.weight - torch.Size([128, 128, 3, 3]): 
The value is the same before and after calling `init_weights` of CBAMEnsembleVLMFiLM  

rgb_backbone.conv_encoder.model.layer2.1.conv3.weight - torch.Size([512, 128, 1, 1]): 
The value is the same before and after calling `init_weights` of CBAMEnsembleVLMFiLM  

rgb_backbone.conv_encoder.model.layer2.2.conv1.weight - torch.Size([128, 512, 1, 1]): 
The value is the same before and after calling `init_weights` of CBAMEnsembleVLMFiLM  

rgb_backbone.conv_encoder.model.layer2.2.conv2.weight - torch.Size([128, 128, 3, 3]): 
The value is the same before and after calling `init_weights` of CBAMEnsembleVLMFiLM  

rgb_backbone.conv_encoder.model.layer2.2.conv3.weight - torch.Size([512, 128, 1, 1]): 
The value is the same before and after calling `init_weights` of CBAMEnsembleVLMFiLM  

rgb_backbone.conv_encoder.model.layer2.3.conv1.weight - torch.Size([128, 512, 1, 1]): 
The value is the same before and after calling `init_weights` of CBAMEnsembleVLMFiLM  

rgb_backbone.conv_encoder.model.layer2.3.conv2.weight - torch.Size([128, 128, 3, 3]): 
The value is the same before and after calling `init_weights` of CBAMEnsembleVLMFiLM  

rgb_backbone.conv_encoder.model.layer2.3.conv3.weight - torch.Size([512, 128, 1, 1]): 
The value is the same before and after calling `init_weights` of CBAMEnsembleVLMFiLM  

rgb_backbone.conv_encoder.model.layer3.0.conv1.weight - torch.Size([256, 512, 1, 1]): 
The value is the same before and after calling `init_weights` of CBAMEnsembleVLMFiLM  

rgb_backbone.conv_encoder.model.layer3.0.conv2.weight - torch.Size([256, 256, 3, 3]): 
The value is the same before and after calling `init_weights` of CBAMEnsembleVLMFiLM  

rgb_backbone.conv_encoder.model.layer3.0.conv3.weight - torch.Size([1024, 256, 1, 1]): 
The value is the same before and after calling `init_weights` of CBAMEnsembleVLMFiLM  

rgb_backbone.conv_encoder.model.layer3.0.downsample.0.weight - torch.Size([1024, 512, 1, 1]): 
The value is the same before and after calling `init_weights` of CBAMEnsembleVLMFiLM  

rgb_backbone.conv_encoder.model.layer3.1.conv1.weight - torch.Size([256, 1024, 1, 1]): 
The value is the same before and after calling `init_weights` of CBAMEnsembleVLMFiLM  

rgb_backbone.conv_encoder.model.layer3.1.conv2.weight - torch.Size([256, 256, 3, 3]): 
The value is the same before and after calling `init_weights` of CBAMEnsembleVLMFiLM  

rgb_backbone.conv_encoder.model.layer3.1.conv3.weight - torch.Size([1024, 256, 1, 1]): 
The value is the same before and after calling `init_weights` of CBAMEnsembleVLMFiLM  

rgb_backbone.conv_encoder.model.layer3.2.conv1.weight - torch.Size([256, 1024, 1, 1]): 
The value is the same before and after calling `init_weights` of CBAMEnsembleVLMFiLM  

rgb_backbone.conv_encoder.model.layer3.2.conv2.weight - torch.Size([256, 256, 3, 3]): 
The value is the same before and after calling `init_weights` of CBAMEnsembleVLMFiLM  

rgb_backbone.conv_encoder.model.layer3.2.conv3.weight - torch.Size([1024, 256, 1, 1]): 
The value is the same before and after calling `init_weights` of CBAMEnsembleVLMFiLM  

rgb_backbone.conv_encoder.model.layer3.3.conv1.weight - torch.Size([256, 1024, 1, 1]): 
The value is the same before and after calling `init_weights` of CBAMEnsembleVLMFiLM  

rgb_backbone.conv_encoder.model.layer3.3.conv2.weight - torch.Size([256, 256, 3, 3]): 
The value is the same before and after calling `init_weights` of CBAMEnsembleVLMFiLM  

rgb_backbone.conv_encoder.model.layer3.3.conv3.weight - torch.Size([1024, 256, 1, 1]): 
The value is the same before and after calling `init_weights` of CBAMEnsembleVLMFiLM  

rgb_backbone.conv_encoder.model.layer3.4.conv1.weight - torch.Size([256, 1024, 1, 1]): 
The value is the same before and after calling `init_weights` of CBAMEnsembleVLMFiLM  

rgb_backbone.conv_encoder.model.layer3.4.conv2.weight - torch.Size([256, 256, 3, 3]): 
The value is the same before and after calling `init_weights` of CBAMEnsembleVLMFiLM  

rgb_backbone.conv_encoder.model.layer3.4.conv3.weight - torch.Size([1024, 256, 1, 1]): 
The value is the same before and after calling `init_weights` of CBAMEnsembleVLMFiLM  

rgb_backbone.conv_encoder.model.layer3.5.conv1.weight - torch.Size([256, 1024, 1, 1]): 
The value is the same before and after calling `init_weights` of CBAMEnsembleVLMFiLM  

rgb_backbone.conv_encoder.model.layer3.5.conv2.weight - torch.Size([256, 256, 3, 3]): 
The value is the same before and after calling `init_weights` of CBAMEnsembleVLMFiLM  

rgb_backbone.conv_encoder.model.layer3.5.conv3.weight - torch.Size([1024, 256, 1, 1]): 
The value is the same before and after calling `init_weights` of CBAMEnsembleVLMFiLM  

rgb_backbone.conv_encoder.model.layer3.6.conv1.weight - torch.Size([256, 1024, 1, 1]): 
The value is the same before and after calling `init_weights` of CBAMEnsembleVLMFiLM  

rgb_backbone.conv_encoder.model.layer3.6.conv2.weight - torch.Size([256, 256, 3, 3]): 
The value is the same before and after calling `init_weights` of CBAMEnsembleVLMFiLM  

rgb_backbone.conv_encoder.model.layer3.6.conv3.weight - torch.Size([1024, 256, 1, 1]): 
The value is the same before and after calling `init_weights` of CBAMEnsembleVLMFiLM  

rgb_backbone.conv_encoder.model.layer3.7.conv1.weight - torch.Size([256, 1024, 1, 1]): 
The value is the same before and after calling `init_weights` of CBAMEnsembleVLMFiLM  

rgb_backbone.conv_encoder.model.layer3.7.conv2.weight - torch.Size([256, 256, 3, 3]): 
The value is the same before and after calling `init_weights` of CBAMEnsembleVLMFiLM  

rgb_backbone.conv_encoder.model.layer3.7.conv3.weight - torch.Size([1024, 256, 1, 1]): 
The value is the same before and after calling `init_weights` of CBAMEnsembleVLMFiLM  

rgb_backbone.conv_encoder.model.layer3.8.conv1.weight - torch.Size([256, 1024, 1, 1]): 
The value is the same before and after calling `init_weights` of CBAMEnsembleVLMFiLM  

rgb_backbone.conv_encoder.model.layer3.8.conv2.weight - torch.Size([256, 256, 3, 3]): 
The value is the same before and after calling `init_weights` of CBAMEnsembleVLMFiLM  

rgb_backbone.conv_encoder.model.layer3.8.conv3.weight - torch.Size([1024, 256, 1, 1]): 
The value is the same before and after calling `init_weights` of CBAMEnsembleVLMFiLM  

rgb_backbone.conv_encoder.model.layer3.9.conv1.weight - torch.Size([256, 1024, 1, 1]): 
The value is the same before and after calling `init_weights` of CBAMEnsembleVLMFiLM  

rgb_backbone.conv_encoder.model.layer3.9.conv2.weight - torch.Size([256, 256, 3, 3]): 
The value is the same before and after calling `init_weights` of CBAMEnsembleVLMFiLM  

rgb_backbone.conv_encoder.model.layer3.9.conv3.weight - torch.Size([1024, 256, 1, 1]): 
The value is the same before and after calling `init_weights` of CBAMEnsembleVLMFiLM  

rgb_backbone.conv_encoder.model.layer3.10.conv1.weight - torch.Size([256, 1024, 1, 1]): 
The value is the same before and after calling `init_weights` of CBAMEnsembleVLMFiLM  

rgb_backbone.conv_encoder.model.layer3.10.conv2.weight - torch.Size([256, 256, 3, 3]): 
The value is the same before and after calling `init_weights` of CBAMEnsembleVLMFiLM  

rgb_backbone.conv_encoder.model.layer3.10.conv3.weight - torch.Size([1024, 256, 1, 1]): 
The value is the same before and after calling `init_weights` of CBAMEnsembleVLMFiLM  

rgb_backbone.conv_encoder.model.layer3.11.conv1.weight - torch.Size([256, 1024, 1, 1]): 
The value is the same before and after calling `init_weights` of CBAMEnsembleVLMFiLM  

rgb_backbone.conv_encoder.model.layer3.11.conv2.weight - torch.Size([256, 256, 3, 3]): 
The value is the same before and after calling `init_weights` of CBAMEnsembleVLMFiLM  

rgb_backbone.conv_encoder.model.layer3.11.conv3.weight - torch.Size([1024, 256, 1, 1]): 
The value is the same before and after calling `init_weights` of CBAMEnsembleVLMFiLM  

rgb_backbone.conv_encoder.model.layer3.12.conv1.weight - torch.Size([256, 1024, 1, 1]): 
The value is the same before and after calling `init_weights` of CBAMEnsembleVLMFiLM  

rgb_backbone.conv_encoder.model.layer3.12.conv2.weight - torch.Size([256, 256, 3, 3]): 
The value is the same before and after calling `init_weights` of CBAMEnsembleVLMFiLM  

rgb_backbone.conv_encoder.model.layer3.12.conv3.weight - torch.Size([1024, 256, 1, 1]): 
The value is the same before and after calling `init_weights` of CBAMEnsembleVLMFiLM  

rgb_backbone.conv_encoder.model.layer3.13.conv1.weight - torch.Size([256, 1024, 1, 1]): 
The value is the same before and after calling `init_weights` of CBAMEnsembleVLMFiLM  

rgb_backbone.conv_encoder.model.layer3.13.conv2.weight - torch.Size([256, 256, 3, 3]): 
The value is the same before and after calling `init_weights` of CBAMEnsembleVLMFiLM  

rgb_backbone.conv_encoder.model.layer3.13.conv3.weight - torch.Size([1024, 256, 1, 1]): 
The value is the same before and after calling `init_weights` of CBAMEnsembleVLMFiLM  

rgb_backbone.conv_encoder.model.layer3.14.conv1.weight - torch.Size([256, 1024, 1, 1]): 
The value is the same before and after calling `init_weights` of CBAMEnsembleVLMFiLM  

rgb_backbone.conv_encoder.model.layer3.14.conv2.weight - torch.Size([256, 256, 3, 3]): 
The value is the same before and after calling `init_weights` of CBAMEnsembleVLMFiLM  

rgb_backbone.conv_encoder.model.layer3.14.conv3.weight - torch.Size([1024, 256, 1, 1]): 
The value is the same before and after calling `init_weights` of CBAMEnsembleVLMFiLM  

rgb_backbone.conv_encoder.model.layer3.15.conv1.weight - torch.Size([256, 1024, 1, 1]): 
The value is the same before and after calling `init_weights` of CBAMEnsembleVLMFiLM  

rgb_backbone.conv_encoder.model.layer3.15.conv2.weight - torch.Size([256, 256, 3, 3]): 
The value is the same before and after calling `init_weights` of CBAMEnsembleVLMFiLM  

rgb_backbone.conv_encoder.model.layer3.15.conv3.weight - torch.Size([1024, 256, 1, 1]): 
The value is the same before and after calling `init_weights` of CBAMEnsembleVLMFiLM  

rgb_backbone.conv_encoder.model.layer3.16.conv1.weight - torch.Size([256, 1024, 1, 1]): 
The value is the same before and after calling `init_weights` of CBAMEnsembleVLMFiLM  

rgb_backbone.conv_encoder.model.layer3.16.conv2.weight - torch.Size([256, 256, 3, 3]): 
The value is the same before and after calling `init_weights` of CBAMEnsembleVLMFiLM  

rgb_backbone.conv_encoder.model.layer3.16.conv3.weight - torch.Size([1024, 256, 1, 1]): 
The value is the same before and after calling `init_weights` of CBAMEnsembleVLMFiLM  

rgb_backbone.conv_encoder.model.layer3.17.conv1.weight - torch.Size([256, 1024, 1, 1]): 
The value is the same before and after calling `init_weights` of CBAMEnsembleVLMFiLM  

rgb_backbone.conv_encoder.model.layer3.17.conv2.weight - torch.Size([256, 256, 3, 3]): 
The value is the same before and after calling `init_weights` of CBAMEnsembleVLMFiLM  

rgb_backbone.conv_encoder.model.layer3.17.conv3.weight - torch.Size([1024, 256, 1, 1]): 
The value is the same before and after calling `init_weights` of CBAMEnsembleVLMFiLM  

rgb_backbone.conv_encoder.model.layer3.18.conv1.weight - torch.Size([256, 1024, 1, 1]): 
The value is the same before and after calling `init_weights` of CBAMEnsembleVLMFiLM  

rgb_backbone.conv_encoder.model.layer3.18.conv2.weight - torch.Size([256, 256, 3, 3]): 
The value is the same before and after calling `init_weights` of CBAMEnsembleVLMFiLM  

rgb_backbone.conv_encoder.model.layer3.18.conv3.weight - torch.Size([1024, 256, 1, 1]): 
The value is the same before and after calling `init_weights` of CBAMEnsembleVLMFiLM  

rgb_backbone.conv_encoder.model.layer3.19.conv1.weight - torch.Size([256, 1024, 1, 1]): 
The value is the same before and after calling `init_weights` of CBAMEnsembleVLMFiLM  

rgb_backbone.conv_encoder.model.layer3.19.conv2.weight - torch.Size([256, 256, 3, 3]): 
The value is the same before and after calling `init_weights` of CBAMEnsembleVLMFiLM  

rgb_backbone.conv_encoder.model.layer3.19.conv3.weight - torch.Size([1024, 256, 1, 1]): 
The value is the same before and after calling `init_weights` of CBAMEnsembleVLMFiLM  

rgb_backbone.conv_encoder.model.layer3.20.conv1.weight - torch.Size([256, 1024, 1, 1]): 
The value is the same before and after calling `init_weights` of CBAMEnsembleVLMFiLM  

rgb_backbone.conv_encoder.model.layer3.20.conv2.weight - torch.Size([256, 256, 3, 3]): 
The value is the same before and after calling `init_weights` of CBAMEnsembleVLMFiLM  

rgb_backbone.conv_encoder.model.layer3.20.conv3.weight - torch.Size([1024, 256, 1, 1]): 
The value is the same before and after calling `init_weights` of CBAMEnsembleVLMFiLM  

rgb_backbone.conv_encoder.model.layer3.21.conv1.weight - torch.Size([256, 1024, 1, 1]): 
The value is the same before and after calling `init_weights` of CBAMEnsembleVLMFiLM  

rgb_backbone.conv_encoder.model.layer3.21.conv2.weight - torch.Size([256, 256, 3, 3]): 
The value is the same before and after calling `init_weights` of CBAMEnsembleVLMFiLM  

rgb_backbone.conv_encoder.model.layer3.21.conv3.weight - torch.Size([1024, 256, 1, 1]): 
The value is the same before and after calling `init_weights` of CBAMEnsembleVLMFiLM  

rgb_backbone.conv_encoder.model.layer3.22.conv1.weight - torch.Size([256, 1024, 1, 1]): 
The value is the same before and after calling `init_weights` of CBAMEnsembleVLMFiLM  

rgb_backbone.conv_encoder.model.layer3.22.conv2.weight - torch.Size([256, 256, 3, 3]): 
The value is the same before and after calling `init_weights` of CBAMEnsembleVLMFiLM  

rgb_backbone.conv_encoder.model.layer3.22.conv3.weight - torch.Size([1024, 256, 1, 1]): 
The value is the same before and after calling `init_weights` of CBAMEnsembleVLMFiLM  

rgb_backbone.conv_encoder.model.layer4.0.conv1.weight - torch.Size([512, 1024, 1, 1]): 
The value is the same before and after calling `init_weights` of CBAMEnsembleVLMFiLM  

rgb_backbone.conv_encoder.model.layer4.0.conv2.weight - torch.Size([512, 512, 3, 3]): 
The value is the same before and after calling `init_weights` of CBAMEnsembleVLMFiLM  

rgb_backbone.conv_encoder.model.layer4.0.conv3.weight - torch.Size([2048, 512, 1, 1]): 
The value is the same before and after calling `init_weights` of CBAMEnsembleVLMFiLM  

rgb_backbone.conv_encoder.model.layer4.0.downsample.0.weight - torch.Size([2048, 1024, 1, 1]): 
The value is the same before and after calling `init_weights` of CBAMEnsembleVLMFiLM  

rgb_backbone.conv_encoder.model.layer4.1.conv1.weight - torch.Size([512, 2048, 1, 1]): 
The value is the same before and after calling `init_weights` of CBAMEnsembleVLMFiLM  

rgb_backbone.conv_encoder.model.layer4.1.conv2.weight - torch.Size([512, 512, 3, 3]): 
The value is the same before and after calling `init_weights` of CBAMEnsembleVLMFiLM  

rgb_backbone.conv_encoder.model.layer4.1.conv3.weight - torch.Size([2048, 512, 1, 1]): 
The value is the same before and after calling `init_weights` of CBAMEnsembleVLMFiLM  

rgb_backbone.conv_encoder.model.layer4.2.conv1.weight - torch.Size([512, 2048, 1, 1]): 
The value is the same before and after calling `init_weights` of CBAMEnsembleVLMFiLM  

rgb_backbone.conv_encoder.model.layer4.2.conv2.weight - torch.Size([512, 512, 3, 3]): 
The value is the same before and after calling `init_weights` of CBAMEnsembleVLMFiLM  

rgb_backbone.conv_encoder.model.layer4.2.conv3.weight - torch.Size([2048, 512, 1, 1]): 
The value is the same before and after calling `init_weights` of CBAMEnsembleVLMFiLM  

rgb_input_projection.weight - torch.Size([256, 2048, 1, 1]): 
The value is the same before and after calling `init_weights` of CBAMEnsembleVLMFiLM  

rgb_input_projection.bias - torch.Size([256]): 
The value is the same before and after calling `init_weights` of CBAMEnsembleVLMFiLM  

lidar_backbone.blocks.0.0.weight - torch.Size([128, 384, 3, 3]): 
KaimingInit: a=0, mode=fan_out, nonlinearity=relu, distribution =normal, bias=0 

lidar_backbone.blocks.0.1.weight - torch.Size([128]): 
The value is the same before and after calling `init_weights` of CBAMEnsembleVLMFiLM  

lidar_backbone.blocks.0.1.bias - torch.Size([128]): 
The value is the same before and after calling `init_weights` of CBAMEnsembleVLMFiLM  

lidar_backbone.blocks.0.3.weight - torch.Size([128, 128, 3, 3]): 
KaimingInit: a=0, mode=fan_out, nonlinearity=relu, distribution =normal, bias=0 

lidar_backbone.blocks.0.4.weight - torch.Size([128]): 
The value is the same before and after calling `init_weights` of CBAMEnsembleVLMFiLM  

lidar_backbone.blocks.0.4.bias - torch.Size([128]): 
The value is the same before and after calling `init_weights` of CBAMEnsembleVLMFiLM  

lidar_backbone.blocks.0.6.weight - torch.Size([128, 128, 3, 3]): 
KaimingInit: a=0, mode=fan_out, nonlinearity=relu, distribution =normal, bias=0 

lidar_backbone.blocks.0.7.weight - torch.Size([128]): 
The value is the same before and after calling `init_weights` of CBAMEnsembleVLMFiLM  

lidar_backbone.blocks.0.7.bias - torch.Size([128]): 
The value is the same before and after calling `init_weights` of CBAMEnsembleVLMFiLM  

lidar_backbone.blocks.0.9.weight - torch.Size([128, 128, 3, 3]): 
KaimingInit: a=0, mode=fan_out, nonlinearity=relu, distribution =normal, bias=0 

lidar_backbone.blocks.0.10.weight - torch.Size([128]): 
The value is the same before and after calling `init_weights` of CBAMEnsembleVLMFiLM  

lidar_backbone.blocks.0.10.bias - torch.Size([128]): 
The value is the same before and after calling `init_weights` of CBAMEnsembleVLMFiLM  

lidar_backbone.blocks.0.12.weight - torch.Size([128, 128, 3, 3]): 
KaimingInit: a=0, mode=fan_out, nonlinearity=relu, distribution =normal, bias=0 

lidar_backbone.blocks.0.13.weight - torch.Size([128]): 
The value is the same before and after calling `init_weights` of CBAMEnsembleVLMFiLM  

lidar_backbone.blocks.0.13.bias - torch.Size([128]): 
The value is the same before and after calling `init_weights` of CBAMEnsembleVLMFiLM  

lidar_backbone.blocks.0.15.weight - torch.Size([128, 128, 3, 3]): 
KaimingInit: a=0, mode=fan_out, nonlinearity=relu, distribution =normal, bias=0 

lidar_backbone.blocks.0.16.weight - torch.Size([128]): 
The value is the same before and after calling `init_weights` of CBAMEnsembleVLMFiLM  

lidar_backbone.blocks.0.16.bias - torch.Size([128]): 
The value is the same before and after calling `init_weights` of CBAMEnsembleVLMFiLM  

lidar_backbone.blocks.1.0.weight - torch.Size([256, 128, 3, 3]): 
KaimingInit: a=0, mode=fan_out, nonlinearity=relu, distribution =normal, bias=0 

lidar_backbone.blocks.1.1.weight - torch.Size([256]): 
The value is the same before and after calling `init_weights` of CBAMEnsembleVLMFiLM  

lidar_backbone.blocks.1.1.bias - torch.Size([256]): 
The value is the same before and after calling `init_weights` of CBAMEnsembleVLMFiLM  

lidar_backbone.blocks.1.3.weight - torch.Size([256, 256, 3, 3]): 
KaimingInit: a=0, mode=fan_out, nonlinearity=relu, distribution =normal, bias=0 

lidar_backbone.blocks.1.4.weight - torch.Size([256]): 
The value is the same before and after calling `init_weights` of CBAMEnsembleVLMFiLM  

lidar_backbone.blocks.1.4.bias - torch.Size([256]): 
The value is the same before and after calling `init_weights` of CBAMEnsembleVLMFiLM  

lidar_backbone.blocks.1.6.weight - torch.Size([256, 256, 3, 3]): 
KaimingInit: a=0, mode=fan_out, nonlinearity=relu, distribution =normal, bias=0 

lidar_backbone.blocks.1.7.weight - torch.Size([256]): 
The value is the same before and after calling `init_weights` of CBAMEnsembleVLMFiLM  

lidar_backbone.blocks.1.7.bias - torch.Size([256]): 
The value is the same before and after calling `init_weights` of CBAMEnsembleVLMFiLM  

lidar_backbone.blocks.1.9.weight - torch.Size([256, 256, 3, 3]): 
KaimingInit: a=0, mode=fan_out, nonlinearity=relu, distribution =normal, bias=0 

lidar_backbone.blocks.1.10.weight - torch.Size([256]): 
The value is the same before and after calling `init_weights` of CBAMEnsembleVLMFiLM  

lidar_backbone.blocks.1.10.bias - torch.Size([256]): 
The value is the same before and after calling `init_weights` of CBAMEnsembleVLMFiLM  

lidar_backbone.blocks.1.12.weight - torch.Size([256, 256, 3, 3]): 
KaimingInit: a=0, mode=fan_out, nonlinearity=relu, distribution =normal, bias=0 

lidar_backbone.blocks.1.13.weight - torch.Size([256]): 
The value is the same before and after calling `init_weights` of CBAMEnsembleVLMFiLM  

lidar_backbone.blocks.1.13.bias - torch.Size([256]): 
The value is the same before and after calling `init_weights` of CBAMEnsembleVLMFiLM  

lidar_backbone.blocks.1.15.weight - torch.Size([256, 256, 3, 3]): 
KaimingInit: a=0, mode=fan_out, nonlinearity=relu, distribution =normal, bias=0 

lidar_backbone.blocks.1.16.weight - torch.Size([256]): 
The value is the same before and after calling `init_weights` of CBAMEnsembleVLMFiLM  

lidar_backbone.blocks.1.16.bias - torch.Size([256]): 
The value is the same before and after calling `init_weights` of CBAMEnsembleVLMFiLM  

lidar_middle_encoder.conv_input.0.weight - torch.Size([16, 3, 3, 3, 5]): 
The value is the same before and after calling `init_weights` of CBAMEnsembleVLMFiLM  

lidar_middle_encoder.conv_input.1.weight - torch.Size([16]): 
The value is the same before and after calling `init_weights` of CBAMEnsembleVLMFiLM  

lidar_middle_encoder.conv_input.1.bias - torch.Size([16]): 
The value is the same before and after calling `init_weights` of CBAMEnsembleVLMFiLM  

lidar_middle_encoder.encoder_layers.encoder_layer1.0.0.weight - torch.Size([16, 3, 3, 3, 16]): 
The value is the same before and after calling `init_weights` of CBAMEnsembleVLMFiLM  

lidar_middle_encoder.encoder_layers.encoder_layer1.0.1.weight - torch.Size([16]): 
The value is the same before and after calling `init_weights` of CBAMEnsembleVLMFiLM  

lidar_middle_encoder.encoder_layers.encoder_layer1.0.1.bias - torch.Size([16]): 
The value is the same before and after calling `init_weights` of CBAMEnsembleVLMFiLM  

lidar_middle_encoder.encoder_layers.encoder_layer2.0.0.weight - torch.Size([32, 3, 3, 3, 16]): 
The value is the same before and after calling `init_weights` of CBAMEnsembleVLMFiLM  

lidar_middle_encoder.encoder_layers.encoder_layer2.0.1.weight - torch.Size([32]): 
The value is the same before and after calling `init_weights` of CBAMEnsembleVLMFiLM  

lidar_middle_encoder.encoder_layers.encoder_layer2.0.1.bias - torch.Size([32]): 
The value is the same before and after calling `init_weights` of CBAMEnsembleVLMFiLM  

lidar_middle_encoder.encoder_layers.encoder_layer2.1.0.weight - torch.Size([32, 3, 3, 3, 32]): 
The value is the same before and after calling `init_weights` of CBAMEnsembleVLMFiLM  

lidar_middle_encoder.encoder_layers.encoder_layer2.1.1.weight - torch.Size([32]): 
The value is the same before and after calling `init_weights` of CBAMEnsembleVLMFiLM  

lidar_middle_encoder.encoder_layers.encoder_layer2.1.1.bias - torch.Size([32]): 
The value is the same before and after calling `init_weights` of CBAMEnsembleVLMFiLM  

lidar_middle_encoder.encoder_layers.encoder_layer2.2.0.weight - torch.Size([32, 3, 3, 3, 32]): 
The value is the same before and after calling `init_weights` of CBAMEnsembleVLMFiLM  

lidar_middle_encoder.encoder_layers.encoder_layer2.2.1.weight - torch.Size([32]): 
The value is the same before and after calling `init_weights` of CBAMEnsembleVLMFiLM  

lidar_middle_encoder.encoder_layers.encoder_layer2.2.1.bias - torch.Size([32]): 
The value is the same before and after calling `init_weights` of CBAMEnsembleVLMFiLM  

lidar_middle_encoder.encoder_layers.encoder_layer3.0.0.weight - torch.Size([64, 3, 3, 3, 32]): 
The value is the same before and after calling `init_weights` of CBAMEnsembleVLMFiLM  

lidar_middle_encoder.encoder_layers.encoder_layer3.0.1.weight - torch.Size([64]): 
The value is the same before and after calling `init_weights` of CBAMEnsembleVLMFiLM  

lidar_middle_encoder.encoder_layers.encoder_layer3.0.1.bias - torch.Size([64]): 
The value is the same before and after calling `init_weights` of CBAMEnsembleVLMFiLM  

lidar_middle_encoder.encoder_layers.encoder_layer3.1.0.weight - torch.Size([64, 3, 3, 3, 64]): 
The value is the same before and after calling `init_weights` of CBAMEnsembleVLMFiLM  

lidar_middle_encoder.encoder_layers.encoder_layer3.1.1.weight - torch.Size([64]): 
The value is the same before and after calling `init_weights` of CBAMEnsembleVLMFiLM  

lidar_middle_encoder.encoder_layers.encoder_layer3.1.1.bias - torch.Size([64]): 
The value is the same before and after calling `init_weights` of CBAMEnsembleVLMFiLM  

lidar_middle_encoder.encoder_layers.encoder_layer3.2.0.weight - torch.Size([64, 3, 3, 3, 64]): 
The value is the same before and after calling `init_weights` of CBAMEnsembleVLMFiLM  

lidar_middle_encoder.encoder_layers.encoder_layer3.2.1.weight - torch.Size([64]): 
The value is the same before and after calling `init_weights` of CBAMEnsembleVLMFiLM  

lidar_middle_encoder.encoder_layers.encoder_layer3.2.1.bias - torch.Size([64]): 
The value is the same before and after calling `init_weights` of CBAMEnsembleVLMFiLM  

lidar_middle_encoder.encoder_layers.encoder_layer4.0.0.weight - torch.Size([64, 3, 3, 3, 64]): 
The value is the same before and after calling `init_weights` of CBAMEnsembleVLMFiLM  

lidar_middle_encoder.encoder_layers.encoder_layer4.0.1.weight - torch.Size([64]): 
The value is the same before and after calling `init_weights` of CBAMEnsembleVLMFiLM  

lidar_middle_encoder.encoder_layers.encoder_layer4.0.1.bias - torch.Size([64]): 
The value is the same before and after calling `init_weights` of CBAMEnsembleVLMFiLM  

lidar_middle_encoder.encoder_layers.encoder_layer4.1.0.weight - torch.Size([64, 3, 3, 3, 64]): 
The value is the same before and after calling `init_weights` of CBAMEnsembleVLMFiLM  

lidar_middle_encoder.encoder_layers.encoder_layer4.1.1.weight - torch.Size([64]): 
The value is the same before and after calling `init_weights` of CBAMEnsembleVLMFiLM  

lidar_middle_encoder.encoder_layers.encoder_layer4.1.1.bias - torch.Size([64]): 
The value is the same before and after calling `init_weights` of CBAMEnsembleVLMFiLM  

lidar_middle_encoder.encoder_layers.encoder_layer4.2.0.weight - torch.Size([64, 3, 3, 3, 64]): 
The value is the same before and after calling `init_weights` of CBAMEnsembleVLMFiLM  

lidar_middle_encoder.encoder_layers.encoder_layer4.2.1.weight - torch.Size([64]): 
The value is the same before and after calling `init_weights` of CBAMEnsembleVLMFiLM  

lidar_middle_encoder.encoder_layers.encoder_layer4.2.1.bias - torch.Size([64]): 
The value is the same before and after calling `init_weights` of CBAMEnsembleVLMFiLM  

lidar_middle_encoder.conv_out.0.weight - torch.Size([128, 3, 1, 1, 64]): 
The value is the same before and after calling `init_weights` of CBAMEnsembleVLMFiLM  

lidar_middle_encoder.conv_out.1.weight - torch.Size([128]): 
The value is the same before and after calling `init_weights` of CBAMEnsembleVLMFiLM  

lidar_middle_encoder.conv_out.1.bias - torch.Size([128]): 
The value is the same before and after calling `init_weights` of CBAMEnsembleVLMFiLM  

neck.deblocks.0.0.weight - torch.Size([128, 256, 1, 1]): 
KaimingInit: a=0, mode=fan_out, nonlinearity=relu, distribution =normal, bias=0 

neck.deblocks.0.1.weight - torch.Size([256]): 
The value is the same before and after calling `init_weights` of CBAMEnsembleVLMFiLM  

neck.deblocks.0.1.bias - torch.Size([256]): 
The value is the same before and after calling `init_weights` of CBAMEnsembleVLMFiLM  

neck.deblocks.1.0.weight - torch.Size([256, 256, 2, 2]): 
KaimingInit: a=0, mode=fan_out, nonlinearity=relu, distribution =normal, bias=0 

neck.deblocks.1.1.weight - torch.Size([256]): 
The value is the same before and after calling `init_weights` of CBAMEnsembleVLMFiLM  

neck.deblocks.1.1.bias - torch.Size([256]): 
The value is the same before and after calling `init_weights` of CBAMEnsembleVLMFiLM  

bbox_head.conv_cls.weight - torch.Size([18, 512, 1, 1]): 
NormalInit: mean=0, std=0.01, bias=-4.59511985013459 

bbox_head.conv_cls.bias - torch.Size([18]): 
NormalInit: mean=0, std=0.01, bias=-4.59511985013459 

bbox_head.conv_reg.weight - torch.Size([42, 512, 1, 1]): 
NormalInit: mean=0, std=0.01, bias=0 

bbox_head.conv_reg.bias - torch.Size([42]): 
NormalInit: mean=0, std=0.01, bias=0 

bbox_head.conv_dir_cls.weight - torch.Size([12, 512, 1, 1]): 
NormalInit: mean=0, std=0.01, bias=0 

bbox_head.conv_dir_cls.bias - torch.Size([12]): 
NormalInit: mean=0, std=0.01, bias=0 

rgb_transform_layer.0.weight - torch.Size([256, 256, 6, 16]): 
The value is the same before and after calling `init_weights` of CBAMEnsembleVLMFiLM  

rgb_transform_layer.1.weight - torch.Size([256]): 
The value is the same before and after calling `init_weights` of CBAMEnsembleVLMFiLM  

rgb_transform_layer.1.bias - torch.Size([256]): 
The value is the same before and after calling `init_weights` of CBAMEnsembleVLMFiLM  

rgb_transform_layer.3.weight - torch.Size([256, 256, 1, 1]): 
The value is the same before and after calling `init_weights` of CBAMEnsembleVLMFiLM  

rgb_transform_layer.3.bias - torch.Size([256]): 
The value is the same before and after calling `init_weights` of CBAMEnsembleVLMFiLM  

rgb_transform_layer.4.weight - torch.Size([256]): 
The value is the same before and after calling `init_weights` of CBAMEnsembleVLMFiLM  

rgb_transform_layer.4.bias - torch.Size([256]): 
The value is the same before and after calling `init_weights` of CBAMEnsembleVLMFiLM  

rgb_transform_layer.6.weight - torch.Size([256, 256, 1, 1]): 
The value is the same before and after calling `init_weights` of CBAMEnsembleVLMFiLM  

rgb_transform_layer.6.bias - torch.Size([256]): 
The value is the same before and after calling `init_weights` of CBAMEnsembleVLMFiLM  

rgb_transform_layer.7.weight - torch.Size([256]): 
The value is the same before and after calling `init_weights` of CBAMEnsembleVLMFiLM  

rgb_transform_layer.7.bias - torch.Size([256]): 
The value is the same before and after calling `init_weights` of CBAMEnsembleVLMFiLM  

concat_head.cbam.sam.conv.weight - torch.Size([1, 2, 7, 7]): 
The value is the same before and after calling `init_weights` of CBAMEnsembleVLMFiLM  

concat_head.cbam.cam.linear.0.weight - torch.Size([320, 640]): 
The value is the same before and after calling `init_weights` of CBAMEnsembleVLMFiLM  

concat_head.cbam.cam.linear.0.bias - torch.Size([320]): 
The value is the same before and after calling `init_weights` of CBAMEnsembleVLMFiLM  

concat_head.cbam.cam.linear.2.weight - torch.Size([640, 320]): 
The value is the same before and after calling `init_weights` of CBAMEnsembleVLMFiLM  

concat_head.cbam.cam.linear.2.bias - torch.Size([640]): 
The value is the same before and after calling `init_weights` of CBAMEnsembleVLMFiLM  

concat_head.norm.weight - torch.Size([640]): 
The value is the same before and after calling `init_weights` of CBAMEnsembleVLMFiLM  

concat_head.norm.bias - torch.Size([640]): 
The value is the same before and after calling `init_weights` of CBAMEnsembleVLMFiLM  

concat_head.conv1.weight - torch.Size([384, 640, 1, 1]): 
The value is the same before and after calling `init_weights` of CBAMEnsembleVLMFiLM  

concat_head.conv1.bias - torch.Size([384]): 
The value is the same before and after calling `init_weights` of CBAMEnsembleVLMFiLM  

concat_head.norm1.weight - torch.Size([384]): 
The value is the same before and after calling `init_weights` of CBAMEnsembleVLMFiLM  

concat_head.norm1.bias - torch.Size([384]): 
The value is the same before and after calling `init_weights` of CBAMEnsembleVLMFiLM  

concat_head.conv2.weight - torch.Size([384, 384, 1, 1]): 
The value is the same before and after calling `init_weights` of CBAMEnsembleVLMFiLM  

concat_head.conv2.bias - torch.Size([384]): 
The value is the same before and after calling `init_weights` of CBAMEnsembleVLMFiLM  

concat_head.norm2.weight - torch.Size([384]): 
The value is the same before and after calling `init_weights` of CBAMEnsembleVLMFiLM  

concat_head.norm2.bias - torch.Size([384]): 
The value is the same before and after calling `init_weights` of CBAMEnsembleVLMFiLM  

concat_head.conv3.weight - torch.Size([384, 384, 1, 1]): 
The value is the same before and after calling `init_weights` of CBAMEnsembleVLMFiLM  

concat_head.conv3.bias - torch.Size([384]): 
The value is the same before and after calling `init_weights` of CBAMEnsembleVLMFiLM  

concat_head.norm3.weight - torch.Size([384]): 
The value is the same before and after calling `init_weights` of CBAMEnsembleVLMFiLM  

concat_head.norm3.bias - torch.Size([384]): 
The value is the same before and after calling `init_weights` of CBAMEnsembleVLMFiLM  

concat_head.film_modulation.linear.weight - torch.Size([1280, 10]): 
The value is the same before and after calling `init_weights` of CBAMEnsembleVLMFiLM  

concat_head.film_modulation.linear.bias - torch.Size([1280]): 
The value is the same before and after calling `init_weights` of CBAMEnsembleVLMFiLM  
2026/03/12 09:23:58 - mmengine - INFO - Auto resumed from the latest checkpoint None.
2026/03/12 09:23:58 - mmengine - WARNING - "FileClient" will be deprecated in future. Please use io functions in https://mmengine.readthedocs.io/en/latest/api/fileio.html#file-io
2026/03/12 09:23:58 - mmengine - WARNING - "HardDiskBackend" is the alias of "LocalBackend" and the former will be deprecated in future.
2026/03/12 09:23:58 - mmengine - INFO - Checkpoints will be saved to /home/asurite.ad.asu.edu/ataparia/VLCFusion/Waymo Experiment/YOUR_PATH/cbam_ensemble_vlm_film_30_conditions.
2026/03/12 09:24:15 - mmengine - INFO - Epoch(train)  [1][  10/7312]  lr: 1.0000e-03  eta: 7 days, 0:19:32  time: 1.6575  data_time: 0.0350  memory: 7712  loss: 2.2284  loss_cls: 1.0844  loss_bbox: 1.0045  loss_dir: 0.1394
2026/03/12 09:24:30 - mmengine - INFO - Epoch(train)  [1][  20/7312]  lr: 1.0000e-03  eta: 6 days, 16:20:34  time: 1.5004  data_time: 0.0090  memory: 7712  loss: 2.0823  loss_cls: 0.9684  loss_bbox: 0.9749  loss_dir: 0.1390
2026/03/12 09:24:48 - mmengine - INFO - Epoch(train)  [1][  30/7312]  lr: 1.0000e-03  eta: 7 days, 1:09:40  time: 1.8396  data_time: 0.0093  memory: 7713  loss: 1.9025  loss_cls: 0.7962  loss_bbox: 0.9677  loss_dir: 0.1386
2026/03/12 09:25:03 - mmengine - INFO - Epoch(train)  [1][  40/7312]  lr: 1.0000e-03  eta: 6 days, 20:25:24  time: 1.4794  data_time: 0.0090  memory: 7714  loss: 1.7457  loss_cls: 0.6765  loss_bbox: 0.9303  loss_dir: 0.1389
2026/03/12 09:25:18 - mmengine - INFO - Epoch(train)  [1][  50/7312]  lr: 1.0000e-03  eta: 6 days, 17:53:18  time: 1.4946  data_time: 0.0089  memory: 7713  loss: 1.5956  loss_cls: 0.6066  loss_bbox: 0.8493  loss_dir: 0.1398
2026/03/12 09:25:34 - mmengine - INFO - Epoch(train)  [1][  60/7312]  lr: 1.0000e-03  eta: 6 days, 17:52:56  time: 1.5942  data_time: 0.0091  memory: 7713  loss: 1.5296  loss_cls: 0.5566  loss_bbox: 0.8347  loss_dir: 0.1382
2026/03/12 09:25:49 - mmengine - INFO - Epoch(train)  [1][  70/7312]  lr: 1.0000e-03  eta: 6 days, 16:49:37  time: 1.5218  data_time: 0.0093  memory: 7713  loss: 1.4150  loss_cls: 0.4961  loss_bbox: 0.7798  loss_dir: 0.1392
2026/03/12 09:26:06 - mmengine - INFO - Epoch(train)  [1][  80/7312]  lr: 1.0000e-03  eta: 6 days, 18:21:26  time: 1.7048  data_time: 0.0083  memory: 7713  loss: 1.3440  loss_cls: 0.4714  loss_bbox: 0.7345  loss_dir: 0.1380
2026/03/12 09:26:23 - mmengine - INFO - Epoch(train)  [1][  90/7312]  lr: 1.0000e-03  eta: 6 days, 18:57:57  time: 1.6534  data_time: 0.0089  memory: 7713  loss: 1.2835  loss_cls: 0.4386  loss_bbox: 0.7080  loss_dir: 0.1369
2026/03/12 09:26:38 - mmengine - INFO - Epoch(train)  [1][ 100/7312]  lr: 1.0000e-03  eta: 6 days, 17:55:56  time: 1.5037  data_time: 0.0088  memory: 7714  loss: 1.2196  loss_cls: 0.4290  loss_bbox: 0.6521  loss_dir: 0.1385
2026/03/12 09:26:53 - mmengine - INFO - Epoch(train)  [1][ 110/7312]  lr: 1.0000e-03  eta: 6 days, 17:25:17  time: 1.5401  data_time: 0.0086  memory: 7714  loss: 1.2234  loss_cls: 0.4024  loss_bbox: 0.6848  loss_dir: 0.1362
2026/03/12 09:27:09 - mmengine - INFO - Epoch(train)  [1][ 120/7312]  lr: 1.0000e-03  eta: 6 days, 17:19:38  time: 1.5794  data_time: 0.0086  memory: 7713  loss: 1.2278  loss_cls: 0.3894  loss_bbox: 0.7016  loss_dir: 0.1368
2026/03/12 09:27:24 - mmengine - INFO - Epoch(train)  [1][ 130/7312]  lr: 1.0000e-03  eta: 6 days, 16:58:22  time: 1.5443  data_time: 0.0087  memory: 7713  loss: 1.2102  loss_cls: 0.3873  loss_bbox: 0.6850  loss_dir: 0.1378
2026/03/12 09:27:39 - mmengine - INFO - Epoch(train)  [1][ 140/7312]  lr: 1.0000e-03  eta: 6 days, 16:00:41  time: 1.4537  data_time: 0.0087  memory: 7712  loss: 1.2300  loss_cls: 0.3932  loss_bbox: 0.7007  loss_dir: 0.1361
2026/03/12 09:27:56 - mmengine - INFO - Epoch(train)  [1][ 150/7312]  lr: 1.0000e-03  eta: 6 days, 16:53:33  time: 1.7071  data_time: 0.0089  memory: 7713  loss: 1.1060  loss_cls: 0.3601  loss_bbox: 0.6107  loss_dir: 0.1352
2026/03/12 09:28:13 - mmengine - INFO - Epoch(train)  [1][ 160/7312]  lr: 1.0000e-03  eta: 6 days, 17:24:12  time: 1.6661  data_time: 0.0087  memory: 7712  loss: 1.1523  loss_cls: 0.3691  loss_bbox: 0.6485  loss_dir: 0.1347
2026/03/12 09:28:28 - mmengine - INFO - Epoch(train)  [1][ 170/7312]  lr: 1.0000e-03  eta: 6 days, 17:24:47  time: 1.5924  data_time: 0.0087  memory: 7714  loss: 1.0790  loss_cls: 0.3406  loss_bbox: 0.6036  loss_dir: 0.1348
2026/03/12 09:28:43 - mmengine - INFO - Epoch(train)  [1][ 180/7312]  lr: 1.0000e-03  eta: 6 days, 16:34:22  time: 1.4419  data_time: 0.0082  memory: 7713  loss: 1.0913  loss_cls: 0.3489  loss_bbox: 0.6087  loss_dir: 0.1337
2026/03/12 09:29:00 - mmengine - INFO - Epoch(train)  [1][ 190/7312]  lr: 1.0000e-03  eta: 6 days, 17:00:56  time: 1.6656  data_time: 0.0086  memory: 7714  loss: 1.1229  loss_cls: 0.3562  loss_bbox: 0.6336  loss_dir: 0.1330
2026/03/12 09:29:14 - mmengine - INFO - Epoch(train)  [1][ 200/7312]  lr: 1.0000e-03  eta: 6 days, 16:23:09  time: 1.4631  data_time: 0.0081  memory: 7713  loss: 1.1391  loss_cls: 0.3652  loss_bbox: 0.6421  loss_dir: 0.1319
2026/03/12 09:29:29 - mmengine - INFO - Epoch(train)  [1][ 210/7312]  lr: 1.0000e-03  eta: 6 days, 15:45:24  time: 1.4509  data_time: 0.0087  memory: 7713  loss: 1.1268  loss_cls: 0.3465  loss_bbox: 0.6477  loss_dir: 0.1326
2026/03/12 09:29:45 - mmengine - INFO - Epoch(train)  [1][ 220/7312]  lr: 1.0000e-03  eta: 6 days, 15:54:14  time: 1.6068  data_time: 0.0089  memory: 7713  loss: 1.1268  loss_cls: 0.3428  loss_bbox: 0.6524  loss_dir: 0.1316
2026/03/12 09:30:01 - mmengine - INFO - Epoch(train)  [1][ 230/7312]  lr: 1.0000e-03  eta: 6 days, 16:01:40  time: 1.6046  data_time: 0.0087  memory: 7713  loss: 1.1255  loss_cls: 0.3473  loss_bbox: 0.6466  loss_dir: 0.1316
2026/03/12 09:30:17 - mmengine - INFO - Epoch(train)  [1][ 240/7312]  lr: 1.0000e-03  eta: 6 days, 16:11:53  time: 1.6181  data_time: 0.0084  memory: 7713  loss: 1.0549  loss_cls: 0.3276  loss_bbox: 0.5968  loss_dir: 0.1304
2026/03/12 09:30:32 - mmengine - INFO - Epoch(train)  [1][ 250/7312]  lr: 1.0000e-03  eta: 6 days, 15:52:11  time: 1.4986  data_time: 0.0083  memory: 7713  loss: 1.0960  loss_cls: 0.3498  loss_bbox: 0.6169  loss_dir: 0.1293
2026/03/12 09:30:48 - mmengine - INFO - Epoch(train)  [1][ 260/7312]  lr: 1.0000e-03  eta: 6 days, 16:04:15  time: 1.6280  data_time: 0.0093  memory: 7712  loss: 1.0518  loss_cls: 0.3417  loss_bbox: 0.5829  loss_dir: 0.1272
2026/03/12 09:31:04 - mmengine - INFO - Epoch(train)  [1][ 270/7312]  lr: 1.0000e-03  eta: 6 days, 15:55:54  time: 1.5415  data_time: 0.0082  memory: 7712  loss: 1.0388  loss_cls: 0.3223  loss_bbox: 0.5889  loss_dir: 0.1276
2026/03/12 09:31:18 - mmengine - INFO - Epoch(train)  [1][ 280/7312]  lr: 1.0000e-03  eta: 6 days, 15:19:35  time: 1.4102  data_time: 0.0086  memory: 7712  loss: 1.0240  loss_cls: 0.3189  loss_bbox: 0.5785  loss_dir: 0.1265
2026/03/12 09:31:33 - mmengine - INFO - Epoch(train)  [1][ 290/7312]  lr: 1.0000e-03  eta: 6 days, 15:05:45  time: 1.5054  data_time: 0.0086  memory: 7714  loss: 1.0661  loss_cls: 0.3442  loss_bbox: 0.5914  loss_dir: 0.1305
2026/03/12 09:31:48 - mmengine - INFO - Epoch(train)  [1][ 300/7312]  lr: 1.0000e-03  eta: 6 days, 14:55:26  time: 1.5183  data_time: 0.0090  memory: 7712  loss: 1.0518  loss_cls: 0.3313  loss_bbox: 0.5938  loss_dir: 0.1268
2026/03/12 09:32:03 - mmengine - INFO - Epoch(train)  [1][ 310/7312]  lr: 1.0000e-03  eta: 6 days, 14:32:29  time: 1.4506  data_time: 0.0088  memory: 7714  loss: 1.0583  loss_cls: 0.3323  loss_bbox: 0.5996  loss_dir: 0.1265
2026/03/12 09:32:18 - mmengine - INFO - Epoch(train)  [1][ 320/7312]  lr: 1.0000e-03  eta: 6 days, 14:27:24  time: 1.5371  data_time: 0.0087  memory: 7713  loss: 1.0102  loss_cls: 0.3178  loss_bbox: 0.5695  loss_dir: 0.1229
2026/03/12 09:32:32 - mmengine - INFO - Epoch(train)  [1][ 330/7312]  lr: 1.0000e-03  eta: 6 days, 14:07:42  time: 1.4563  data_time: 0.0086  memory: 7713  loss: 1.0291  loss_cls: 0.3215  loss_bbox: 0.5800  loss_dir: 0.1276
2026/03/12 09:32:48 - mmengine - INFO - Epoch(train)  [1][ 340/7312]  lr: 1.0000e-03  eta: 6 days, 14:07:17  time: 1.5576  data_time: 0.0087  memory: 7713  loss: 0.9983  loss_cls: 0.3162  loss_bbox: 0.5586  loss_dir: 0.1236
2026/03/12 09:33:03 - mmengine - INFO - Epoch(train)  [1][ 350/7312]  lr: 1.0000e-03  eta: 6 days, 14:02:27  time: 1.5322  data_time: 0.0083  memory: 7713  loss: 0.9352  loss_cls: 0.2932  loss_bbox: 0.5236  loss_dir: 0.1183
