2026/03/12 10:19:29 - mmengine - INFO - 
------------------------------------------------------------
System environment:
    sys.platform: linux
    Python: 3.10.19 (main, Oct 21 2025, 16:43:05) [GCC 11.2.0]
    CUDA available: True
    MUSA available: False
    numpy_random_seed: 119467912
    GPU 0: NVIDIA H100 NVL
    CUDA_HOME: /data/ataparia/conda/envs/waymo
    NVCC: Cuda compilation tools, release 11.8, V11.8.89
    GCC: gcc (Ubuntu 13.3.0-6ubuntu2~24.04.1) 13.3.0
    PyTorch: 2.1.2+cu118
    PyTorch compiling details: PyTorch built with:
  - GCC 9.3
  - C++ Version: 201703
  - Intel(R) oneAPI Math Kernel Library Version 2022.2-Product Build 20220804 for Intel(R) 64 architecture applications
  - Intel(R) MKL-DNN v3.1.1 (Git Hash 64f6bcbcbab628e96f33a62c3e975f8535a7bde4)
  - OpenMP 201511 (a.k.a. OpenMP 4.5)
  - LAPACK is enabled (usually provided by MKL)
  - NNPACK is enabled
  - CPU capability usage: AVX512
  - CUDA Runtime 11.8
  - NVCC architecture flags: -gencode;arch=compute_50,code=sm_50;-gencode;arch=compute_60,code=sm_60;-gencode;arch=compute_70,code=sm_70;-gencode;arch=compute_75,code=sm_75;-gencode;arch=compute_80,code=sm_80;-gencode;arch=compute_86,code=sm_86;-gencode;arch=compute_37,code=sm_37;-gencode;arch=compute_90,code=sm_90
  - CuDNN 8.7
  - Magma 2.6.1
  - Build settings: BLAS_INFO=mkl, BUILD_TYPE=Release, CUDA_VERSION=11.8, CUDNN_VERSION=8.7.0, CXX_COMPILER=/opt/rh/devtoolset-9/root/usr/bin/c++, CXX_FLAGS= -D_GLIBCXX_USE_CXX11_ABI=0 -fabi-version=11 -fvisibility-inlines-hidden -DUSE_PTHREADPOOL -DNDEBUG -DUSE_KINETO -DLIBKINETO_NOROCTRACER -DUSE_FBGEMM -DUSE_QNNPACK -DUSE_PYTORCH_QNNPACK -DUSE_XNNPACK -DSYMBOLICATE_MOBILE_DEBUG_HANDLE -O2 -fPIC -Wall -Wextra -Werror=return-type -Werror=non-virtual-dtor -Werror=bool-operation -Wnarrowing -Wno-missing-field-initializers -Wno-type-limits -Wno-array-bounds -Wno-unknown-pragmas -Wno-unused-parameter -Wno-unused-function -Wno-unused-result -Wno-strict-overflow -Wno-strict-aliasing -Wno-stringop-overflow -Wno-psabi -Wno-error=pedantic -Wno-error=old-style-cast -Wno-invalid-partial-specialization -Wno-unused-private-field -Wno-aligned-allocation-unavailable -Wno-missing-braces -fdiagnostics-color=always -faligned-new -Wno-unused-but-set-variable -Wno-maybe-uninitialized -fno-math-errno -fno-trapping-math -Werror=format -Werror=cast-function-type -Wno-stringop-overflow, LAPACK_INFO=mkl, PERF_WITH_AVX=1, PERF_WITH_AVX2=1, PERF_WITH_AVX512=1, TORCH_DISABLE_GPU_ASSERTS=ON, TORCH_VERSION=2.1.2, USE_CUDA=ON, USE_CUDNN=ON, USE_EXCEPTION_PTR=1, USE_GFLAGS=OFF, USE_GLOG=OFF, USE_MKL=ON, USE_MKLDNN=ON, USE_MPI=OFF, USE_NCCL=1, USE_NNPACK=ON, USE_OPENMP=ON, USE_ROCM=OFF, 

    TorchVision: 0.16.2+cu118
    OpenCV: 4.13.0
    MMEngine: 0.10.6

Runtime environment:
    dist_cfg: {'backend': 'nccl'}
    seed: 119467912
    Distributed launcher: none
    Distributed training: False
    GPU number: 1
------------------------------------------------------------

2026/03/12 10:19:30 - mmengine - INFO - Config:
auto_scale_lr = dict(base_batch_size=32, enable=False)
backend_args = None
checkpoint_config = dict(interval=1)
class_names = [
    'Car',
    'Pedestrian',
    'Cyclist',
]
custom_imports = dict(
    allow_failed_imports=False,
    imports=[
        'configs.cbam_ensemble_vlm.cbam_ensemble_vlm_film',
    ])
data_root = '/data/ataparia/LidarTraining/night-day-frames/'
dataset_type = 'WaymoDataset'
db_sampler = dict(
    backend_args=None,
    classes=[
        'Car',
        'Pedestrian',
        'Cyclist',
    ],
    data_root='/data/ataparia/LidarTraining/night-day-frames/',
    info_path=
    '/data/ataparia/LidarTraining/night-day-frames/waymo_dbinfos_train.pkl',
    points_loader=dict(
        backend_args=None,
        coord_type='LIDAR',
        load_dim=6,
        type='LoadPointsFromFile',
        use_dim=[
            0,
            1,
            2,
            3,
            4,
        ]),
    prepare=dict(
        filter_by_difficulty=[
            -1,
        ],
        filter_by_min_points=dict(Car=5, Cyclist=5, Pedestrian=5)),
    rate=1.0,
    sample_groups=dict(Car=15, Cyclist=10, Pedestrian=10))
dist_params = dict(backend='nccl')
input_modality = dict(use_camera=True, use_lidar=True)
launcher = 'none'
load_from = None
log_config = dict(
    hooks=[
        [
            dict(type='LocalVisBackend'),
            dict(type='TensorboardVisBackend'),
            dict(
                init_kwargs=dict(
                    mode='online',
                    name='cbam_ensemble_vlm_film',
                    project='MMdet_LiDAR_ObjectDetection'),
                type='WandbVisBackend'),
        ],
        dict(
            name='visualizer',
            type='DetLocalVisualizer',
            vis_backends=[
                dict(type='LocalVisBackend'),
                dict(type='TensorboardVisBackend'),
                dict(
                    init_kwargs=dict(
                        mode='online',
                        name='cbam_ensemble_vlm_film',
                        project='MMdet_LiDAR_ObjectDetection'),
                    type='WandbVisBackend'),
            ]),
    ],
    interval=50)
log_level = 'INFO'
lr_config = dict(
    policy='step',
    step=[
        20,
        23,
    ],
    warmup='linear',
    warmup_iters=1000,
    warmup_ratio=0.001)
metainfo = dict(classes=[
    'Car',
    'Pedestrian',
    'Cyclist',
])
model = dict(
    backbone=dict(
        in_channels=384,
        layer_nums=[
            5,
            5,
        ],
        layer_strides=[
            1,
            2,
        ],
        norm_cfg=dict(eps=0.001, momentum=0.01, type='naiveSyncBN2d'),
        out_channels=[
            128,
            256,
        ],
        type='SECOND'),
    bbox_head=dict(
        anchor_generator=dict(
            ranges=[
                [
                    -76.8,
                    -51.2,
                    -0.0345,
                    76.8,
                    51.2,
                    -0.0345,
                ],
                [
                    -76.8,
                    -51.2,
                    0,
                    76.8,
                    51.2,
                    0,
                ],
                [
                    -76.8,
                    -51.2,
                    -0.1188,
                    76.8,
                    51.2,
                    -0.1188,
                ],
            ],
            reshape_out=False,
            rotations=[
                0,
                1.57,
            ],
            sizes=[
                [
                    4.73,
                    2.08,
                    1.77,
                ],
                [
                    0.91,
                    0.84,
                    1.74,
                ],
                [
                    1.81,
                    0.84,
                    1.77,
                ],
            ],
            type='AlignedAnchor3DRangeGenerator'),
        bbox_coder=dict(code_size=7, type='DeltaXYZWLHRBBoxCoder'),
        diff_rad_by_sin=True,
        dir_offset=-0.7854,
        feat_channels=512,
        in_channels=512,
        loss_bbox=dict(
            beta=0.1111111111111111,
            loss_weight=1.0,
            type='mmdet.SmoothL1Loss'),
        loss_cls=dict(
            alpha=0.25,
            gamma=2.0,
            loss_weight=1.0,
            type='mmdet.FocalLoss',
            use_sigmoid=True),
        loss_dir=dict(
            loss_weight=0.2, type='mmdet.CrossEntropyLoss', use_sigmoid=False),
        num_classes=3,
        type='Anchor3DHead',
        use_direction_classifier=True),
    lidar_model_cfg_path='configs/second_detr_ensemble.py',
    lidar_model_path=
    '/data/ataparia/mmdet_lidar/work_dirs/second/epoch_100.pth',
    neck=dict(
        in_channels=[
            128,
            256,
        ],
        norm_cfg=dict(eps=0.001, momentum=0.01, type='naiveSyncBN2d'),
        out_channels=[
            256,
            256,
        ],
        type='SECONDFPN',
        upsample_strides=[
            1,
            2,
        ]),
    rgb_model_path=
    '/data/ataparia/RGBTraining/trained_models/rgb_fulldata/checkpoint-190000',
    test_cfg=dict(
        max_num=500,
        min_bbox_size=0,
        nms_across_levels=False,
        nms_pre=4096,
        nms_thr=0.25,
        score_thr=0.1,
        use_rotate_nms=True),
    test_jsonl_file='conditions/smolvlm_conditions/dawn_dusk_testing.jsonl',
    train_cfg=dict(
        allowed_border=0,
        assigner=[
            dict(
                ignore_iof_thr=-1,
                iou_calculator=dict(type='BboxOverlapsNearest3D'),
                min_pos_iou=0.4,
                neg_iou_thr=0.4,
                pos_iou_thr=0.55,
                type='mmdet.MaxIoUAssigner'),
            dict(
                ignore_iof_thr=-1,
                iou_calculator=dict(type='BboxOverlapsNearest3D'),
                min_pos_iou=0.3,
                neg_iou_thr=0.3,
                pos_iou_thr=0.5,
                type='mmdet.MaxIoUAssigner'),
            dict(
                ignore_iof_thr=-1,
                iou_calculator=dict(type='BboxOverlapsNearest3D'),
                min_pos_iou=0.3,
                neg_iou_thr=0.3,
                pos_iou_thr=0.5,
                type='mmdet.MaxIoUAssigner'),
        ],
        code_weight=[
            1.0,
            1.0,
            1.0,
            1.0,
            1.0,
            1.0,
            1.0,
        ],
        debug=False,
        pos_weight=-1),
    train_jsonl_file='conditions/night-day_training.jsonl',
    type='CBAMEnsembleVLMFiLM',
    val_jsonl_file='conditions/night-day_validation.jsonl')
momentum_config = None
mp_start_method = 'fork'
opencv_num_threads = 0
optim_wrapper = dict(
    loss_scale='dynamic',
    optimizer=dict(lr=0.001, type='AdamW', weight_decay=0.01),
    type='AmpOptimWrapper')
optimizer = dict(lr=0.001, type='AdamW', weight_decay=0.01)
optimizer_config = dict(grad_clip=dict(max_norm=35, norm_type=2))
point_cloud_range = [
    -76.8,
    -51.2,
    -2,
    76.8,
    51.2,
    4,
]
resume = True
resume_from = None
runner = dict(max_epochs=24, type='EpochBasedRunner')
test_cfg = dict(type='TestLoop')
test_data_root = '/data/ataparia/LidarTraining/dawn_dusk-frames/'
test_dataloader = dict(
    batch_size=4,
    dataset=dict(
        ann_file='waymo_infos_test.pkl',
        backend_args=None,
        box_type_3d='LiDAR',
        data_prefix=dict(img='testing/image_0', pts='testing/velodyne'),
        data_root='/data/ataparia/LidarTraining/dawn_dusk-frames/',
        default_cam_key='CAM_FRONT',
        metainfo=dict(classes=[
            'Car',
            'Pedestrian',
            'Cyclist',
        ]),
        modality=dict(use_camera=True, use_lidar=True),
        pipeline=[
            dict(
                backend_args=None,
                coord_type='LIDAR',
                load_dim=6,
                type='LoadPointsFromFile',
                use_dim=5),
            dict(
                backend_args=None,
                data_root=
                '/data/ataparia/LidarTraining/dawn_dusk-frames/testing/image_0',
                type='LoadImageFromFile'),
            dict(
                flip=False,
                img_scale=(
                    1333,
                    800,
                ),
                pts_scale_ratio=1,
                transforms=[
                    dict(
                        rot_range=[
                            0,
                            0,
                        ],
                        scale_ratio_range=[
                            1.0,
                            1.0,
                        ],
                        translation_std=[
                            0,
                            0,
                            0,
                        ],
                        type='GlobalRotScaleTrans'),
                    dict(type='RandomFlip3D'),
                    dict(
                        point_cloud_range=[
                            -76.8,
                            -51.2,
                            -2,
                            76.8,
                            51.2,
                            4,
                        ],
                        type='PointsRangeFilter'),
                ],
                type='MultiScaleFlipAug3D'),
            dict(
                keys=[
                    'points',
                    'img',
                    'gt_bboxes_3d',
                    'gt_labels_3d',
                    'gt_bboxes',
                    'gt_labels',
                ],
                meta_keys=[
                    'box_type_3d',
                    'sample_idx',
                    'context_name',
                    'timestamp',
                    'img_path',
                ],
                type='Pack3DDetInputs'),
        ],
        test_mode=True,
        type='WaymoDataset'),
    drop_last=False,
    num_workers=4,
    persistent_workers=True,
    pin_memory=True,
    sampler=dict(shuffle=False, type='DefaultSampler'))
test_evaluator = dict(
    type='WaymoMetric', waymo_bin_file='gt_dawn_dusk_testing.bin')
test_pipeline = [
    dict(
        backend_args=None,
        coord_type='LIDAR',
        load_dim=6,
        type='LoadPointsFromFile',
        use_dim=5),
    dict(
        backend_args=None,
        data_root=
        '/data/ataparia/LidarTraining/dawn_dusk-frames/testing/image_0',
        type='LoadImageFromFile'),
    dict(
        flip=False,
        img_scale=(
            1333,
            800,
        ),
        pts_scale_ratio=1,
        transforms=[
            dict(
                rot_range=[
                    0,
                    0,
                ],
                scale_ratio_range=[
                    1.0,
                    1.0,
                ],
                translation_std=[
                    0,
                    0,
                    0,
                ],
                type='GlobalRotScaleTrans'),
            dict(type='RandomFlip3D'),
            dict(
                point_cloud_range=[
                    -76.8,
                    -51.2,
                    -2,
                    76.8,
                    51.2,
                    4,
                ],
                type='PointsRangeFilter'),
        ],
        type='MultiScaleFlipAug3D'),
    dict(
        keys=[
            'points',
            'img',
            'gt_bboxes_3d',
            'gt_labels_3d',
            'gt_bboxes',
            'gt_labels',
        ],
        meta_keys=[
            'box_type_3d',
            'sample_idx',
            'context_name',
            'timestamp',
            'img_path',
        ],
        type='Pack3DDetInputs'),
]
train_cfg = dict(max_epochs=40, type='EpochBasedTrainLoop', val_interval=1)
train_dataloader = dict(
    batch_size=4,
    dataset=dict(
        dataset=dict(
            ann_file='waymo_infos_train.pkl',
            backend_args=None,
            box_type_3d='LiDAR',
            data_prefix=dict(img='training/image_0', pts='training/velodyne'),
            data_root='/data/ataparia/LidarTraining/night-day-frames/',
            default_cam_key='CAM_FRONT',
            load_interval=5,
            modality=dict(use_camera=True, use_lidar=True),
            pipeline=[
                dict(
                    backend_args=None,
                    coord_type='LIDAR',
                    load_dim=6,
                    type='LoadPointsFromFile',
                    use_dim=5),
                dict(
                    backend_args=None,
                    data_root=
                    '/data/ataparia/LidarTraining/night-day-frames/training/image_0',
                    type='LoadImageFromFile'),
                dict(
                    type='LoadAnnotations3D',
                    with_bbox_3d=True,
                    with_label_3d=True),
                dict(
                    flip_ratio_bev_horizontal=0.5,
                    flip_ratio_bev_vertical=0.5,
                    sync_2d=False,
                    type='RandomFlip3D'),
                dict(
                    rot_range=[
                        -0.78539816,
                        0.78539816,
                    ],
                    scale_ratio_range=[
                        0.95,
                        1.05,
                    ],
                    type='GlobalRotScaleTrans'),
                dict(
                    point_cloud_range=[
                        -76.8,
                        -51.2,
                        -2,
                        76.8,
                        51.2,
                        4,
                    ],
                    type='PointsRangeFilter'),
                dict(
                    point_cloud_range=[
                        -76.8,
                        -51.2,
                        -2,
                        76.8,
                        51.2,
                        4,
                    ],
                    type='ObjectRangeFilter'),
                dict(type='PointShuffle'),
                dict(
                    keys=[
                        'points',
                        'img',
                        'gt_bboxes_3d',
                        'gt_labels_3d',
                        'gt_bboxes',
                        'gt_labels',
                    ],
                    meta_keys=[
                        'box_type_3d',
                        'sample_idx',
                        'context_name',
                        'timestamp',
                        'img_path',
                    ],
                    type='Pack3DDetInputs'),
            ],
            test_mode=False,
            type='WaymoDataset'),
        times=1,
        type='RepeatDataset'),
    num_workers=4,
    persistent_workers=True,
    pin_memory=True,
    sampler=dict(shuffle=True, type='DefaultSampler'))
train_pipeline = [
    dict(
        backend_args=None,
        coord_type='LIDAR',
        load_dim=6,
        type='LoadPointsFromFile',
        use_dim=5),
    dict(
        backend_args=None,
        data_root=
        '/data/ataparia/LidarTraining/night-day-frames/training/image_0',
        type='LoadImageFromFile'),
    dict(type='LoadAnnotations3D', with_bbox_3d=True, with_label_3d=True),
    dict(
        flip_ratio_bev_horizontal=0.5,
        flip_ratio_bev_vertical=0.5,
        sync_2d=False,
        type='RandomFlip3D'),
    dict(
        rot_range=[
            -0.78539816,
            0.78539816,
        ],
        scale_ratio_range=[
            0.95,
            1.05,
        ],
        type='GlobalRotScaleTrans'),
    dict(
        point_cloud_range=[
            -76.8,
            -51.2,
            -2,
            76.8,
            51.2,
            4,
        ],
        type='PointsRangeFilter'),
    dict(
        point_cloud_range=[
            -76.8,
            -51.2,
            -2,
            76.8,
            51.2,
            4,
        ],
        type='ObjectRangeFilter'),
    dict(type='PointShuffle'),
    dict(
        keys=[
            'points',
            'img',
            'gt_bboxes_3d',
            'gt_labels_3d',
            'gt_bboxes',
            'gt_labels',
        ],
        meta_keys=[
            'box_type_3d',
            'sample_idx',
            'context_name',
            'timestamp',
            'img_path',
        ],
        type='Pack3DDetInputs'),
]
val_cfg = dict(type='ValLoop')
val_dataloader = dict(
    batch_size=4,
    dataset=dict(
        ann_file='waymo_infos_val.pkl',
        backend_args=None,
        box_type_3d='LiDAR',
        data_prefix=dict(img='training/image_0', pts='training/velodyne'),
        data_root='/data/ataparia/LidarTraining/night-day-frames/',
        default_cam_key='CAM_FRONT',
        metainfo=dict(classes=[
            'Car',
            'Pedestrian',
            'Cyclist',
        ]),
        modality=dict(use_camera=True, use_lidar=True),
        pipeline=[
            dict(
                backend_args=None,
                coord_type='LIDAR',
                load_dim=6,
                type='LoadPointsFromFile',
                use_dim=5),
            dict(
                backend_args=None,
                data_root=
                '/data/ataparia/LidarTraining/night-day-frames/training/image_0',
                type='LoadImageFromFile'),
            dict(
                flip=False,
                img_scale=(
                    1333,
                    800,
                ),
                pts_scale_ratio=1,
                transforms=[
                    dict(
                        rot_range=[
                            0,
                            0,
                        ],
                        scale_ratio_range=[
                            1.0,
                            1.0,
                        ],
                        translation_std=[
                            0,
                            0,
                            0,
                        ],
                        type='GlobalRotScaleTrans'),
                    dict(type='RandomFlip3D'),
                    dict(
                        point_cloud_range=[
                            -76.8,
                            -51.2,
                            -2,
                            76.8,
                            51.2,
                            4,
                        ],
                        type='PointsRangeFilter'),
                ],
                type='MultiScaleFlipAug3D'),
            dict(
                keys=[
                    'points',
                    'img',
                    'gt_bboxes_3d',
                    'gt_labels_3d',
                    'gt_bboxes',
                    'gt_labels',
                ],
                meta_keys=[
                    'box_type_3d',
                    'sample_idx',
                    'context_name',
                    'timestamp',
                    'img_path',
                ],
                type='Pack3DDetInputs'),
        ],
        test_mode=True,
        type='WaymoDataset'),
    drop_last=False,
    num_workers=4,
    persistent_workers=True,
    pin_memory=True,
    sampler=dict(shuffle=False, type='DefaultSampler'))
val_evaluator = dict(type='WaymoMetric', waymo_bin_file='gt_validation.bin')
val_pipeline = [
    dict(
        backend_args=None,
        coord_type='LIDAR',
        load_dim=6,
        type='LoadPointsFromFile',
        use_dim=5),
    dict(
        backend_args=None,
        data_root=
        '/data/ataparia/LidarTraining/night-day-frames/training/image_0',
        type='LoadImageFromFile'),
    dict(
        flip=False,
        img_scale=(
            1333,
            800,
        ),
        pts_scale_ratio=1,
        transforms=[
            dict(
                rot_range=[
                    0,
                    0,
                ],
                scale_ratio_range=[
                    1.0,
                    1.0,
                ],
                translation_std=[
                    0,
                    0,
                    0,
                ],
                type='GlobalRotScaleTrans'),
            dict(type='RandomFlip3D'),
            dict(
                point_cloud_range=[
                    -76.8,
                    -51.2,
                    -2,
                    76.8,
                    51.2,
                    4,
                ],
                type='PointsRangeFilter'),
        ],
        type='MultiScaleFlipAug3D'),
    dict(
        keys=[
            'points',
            'img',
            'gt_bboxes_3d',
            'gt_labels_3d',
            'gt_bboxes',
            'gt_labels',
        ],
        meta_keys=[
            'box_type_3d',
            'sample_idx',
            'context_name',
            'timestamp',
            'img_path',
        ],
        type='Pack3DDetInputs'),
]
work_dir = 'YOUR_PATH/cbam_ensemble_vlm_film_30_conditions'
workflow = [
    (
        'train',
        1,
    ),
]

2026/03/12 10:19:30 - mmengine - WARNING - The current default scope "mmengine" is not "mmdet3d", `init_default_scope` will force set the currentdefault scope to "mmdet3d".
2026/03/12 10:19:34 - mmengine - INFO - Distributed training is not used, all SyncBatchNorm (SyncBN) layers in the model will be automatically reverted to BatchNormXd layers if they are used.
2026/03/12 10:19:34 - mmengine - INFO - Hooks will be executed in the following order:
before_run:
(VERY_HIGH   ) RuntimeInfoHook                    
(BELOW_NORMAL) LoggerHook                         
 -------------------- 
before_train:
(VERY_HIGH   ) RuntimeInfoHook                    
(NORMAL      ) IterTimerHook                      
(VERY_LOW    ) CheckpointHook                     
 -------------------- 
before_train_epoch:
(VERY_HIGH   ) RuntimeInfoHook                    
(NORMAL      ) IterTimerHook                      
(NORMAL      ) DistSamplerSeedHook                
 -------------------- 
before_train_iter:
(VERY_HIGH   ) RuntimeInfoHook                    
(NORMAL      ) IterTimerHook                      
 -------------------- 
after_train_iter:
(VERY_HIGH   ) RuntimeInfoHook                    
(NORMAL      ) IterTimerHook                      
(BELOW_NORMAL) LoggerHook                         
(LOW         ) ParamSchedulerHook                 
(VERY_LOW    ) CheckpointHook                     
 -------------------- 
after_train_epoch:
(NORMAL      ) IterTimerHook                      
(LOW         ) ParamSchedulerHook                 
(VERY_LOW    ) CheckpointHook                     
 -------------------- 
before_val:
(VERY_HIGH   ) RuntimeInfoHook                    
 -------------------- 
before_val_epoch:
(NORMAL      ) IterTimerHook                      
 -------------------- 
before_val_iter:
(NORMAL      ) IterTimerHook                      
 -------------------- 
after_val_iter:
(NORMAL      ) IterTimerHook                      
(BELOW_NORMAL) LoggerHook                         
 -------------------- 
after_val_epoch:
(VERY_HIGH   ) RuntimeInfoHook                    
(NORMAL      ) IterTimerHook                      
(BELOW_NORMAL) LoggerHook                         
(LOW         ) ParamSchedulerHook                 
(VERY_LOW    ) CheckpointHook                     
 -------------------- 
after_val:
(VERY_HIGH   ) RuntimeInfoHook                    
 -------------------- 
after_train:
(VERY_HIGH   ) RuntimeInfoHook                    
(VERY_LOW    ) CheckpointHook                     
 -------------------- 
before_test:
(VERY_HIGH   ) RuntimeInfoHook                    
 -------------------- 
before_test_epoch:
(NORMAL      ) IterTimerHook                      
 -------------------- 
before_test_iter:
(NORMAL      ) IterTimerHook                      
 -------------------- 
after_test_iter:
(NORMAL      ) IterTimerHook                      
(BELOW_NORMAL) LoggerHook                         
 -------------------- 
after_test_epoch:
(VERY_HIGH   ) RuntimeInfoHook                    
(NORMAL      ) IterTimerHook                      
(BELOW_NORMAL) LoggerHook                         
 -------------------- 
after_test:
(VERY_HIGH   ) RuntimeInfoHook                    
 -------------------- 
after_run:
(BELOW_NORMAL) LoggerHook                         
 -------------------- 
2026/03/12 10:20:41 - mmengine - INFO - Sample size will be reduced to 1/5 of the original data sample
2026/03/12 10:20:51 - mmengine - INFO - ------------------------------
2026/03/12 10:20:51 - mmengine - INFO - The length of training dataset: 14623
2026/03/12 10:20:51 - mmengine - INFO - The number of instances per category in the dataset:
+------------+--------+
| category   | number |
+------------+--------+
| Car        | 491755 |
| Pedestrian | 339095 |
| Cyclist    | 6085   |
+------------+--------+
2026/03/12 10:21:05 - mmengine - INFO - ------------------------------
2026/03/12 10:21:05 - mmengine - INFO - The length of test dataset: 9139
2026/03/12 10:21:05 - mmengine - INFO - The number of instances per category in the dataset:
+------------+--------+
| category   | number |
+------------+--------+
| Car        | 305898 |
| Pedestrian | 215689 |
| Cyclist    | 3769   |
+------------+--------+
Name of parameter - Initialization information

rgb_backbone.conv_encoder.model.conv1.weight - torch.Size([64, 3, 7, 7]): 
The value is the same before and after calling `init_weights` of CBAMEnsembleVLMFiLM  

rgb_backbone.conv_encoder.model.layer1.0.conv1.weight - torch.Size([64, 64, 1, 1]): 
The value is the same before and after calling `init_weights` of CBAMEnsembleVLMFiLM  

rgb_backbone.conv_encoder.model.layer1.0.conv2.weight - torch.Size([64, 64, 3, 3]): 
The value is the same before and after calling `init_weights` of CBAMEnsembleVLMFiLM  

rgb_backbone.conv_encoder.model.layer1.0.conv3.weight - torch.Size([256, 64, 1, 1]): 
The value is the same before and after calling `init_weights` of CBAMEnsembleVLMFiLM  

rgb_backbone.conv_encoder.model.layer1.0.downsample.0.weight - torch.Size([256, 64, 1, 1]): 
The value is the same before and after calling `init_weights` of CBAMEnsembleVLMFiLM  

rgb_backbone.conv_encoder.model.layer1.1.conv1.weight - torch.Size([64, 256, 1, 1]): 
The value is the same before and after calling `init_weights` of CBAMEnsembleVLMFiLM  

rgb_backbone.conv_encoder.model.layer1.1.conv2.weight - torch.Size([64, 64, 3, 3]): 
The value is the same before and after calling `init_weights` of CBAMEnsembleVLMFiLM  

rgb_backbone.conv_encoder.model.layer1.1.conv3.weight - torch.Size([256, 64, 1, 1]): 
The value is the same before and after calling `init_weights` of CBAMEnsembleVLMFiLM  

rgb_backbone.conv_encoder.model.layer1.2.conv1.weight - torch.Size([64, 256, 1, 1]): 
The value is the same before and after calling `init_weights` of CBAMEnsembleVLMFiLM  

rgb_backbone.conv_encoder.model.layer1.2.conv2.weight - torch.Size([64, 64, 3, 3]): 
The value is the same before and after calling `init_weights` of CBAMEnsembleVLMFiLM  

rgb_backbone.conv_encoder.model.layer1.2.conv3.weight - torch.Size([256, 64, 1, 1]): 
The value is the same before and after calling `init_weights` of CBAMEnsembleVLMFiLM  

rgb_backbone.conv_encoder.model.layer2.0.conv1.weight - torch.Size([128, 256, 1, 1]): 
The value is the same before and after calling `init_weights` of CBAMEnsembleVLMFiLM  

rgb_backbone.conv_encoder.model.layer2.0.conv2.weight - torch.Size([128, 128, 3, 3]): 
The value is the same before and after calling `init_weights` of CBAMEnsembleVLMFiLM  

rgb_backbone.conv_encoder.model.layer2.0.conv3.weight - torch.Size([512, 128, 1, 1]): 
The value is the same before and after calling `init_weights` of CBAMEnsembleVLMFiLM  

rgb_backbone.conv_encoder.model.layer2.0.downsample.0.weight - torch.Size([512, 256, 1, 1]): 
The value is the same before and after calling `init_weights` of CBAMEnsembleVLMFiLM  

rgb_backbone.conv_encoder.model.layer2.1.conv1.weight - torch.Size([128, 512, 1, 1]): 
The value is the same before and after calling `init_weights` of CBAMEnsembleVLMFiLM  

rgb_backbone.conv_encoder.model.layer2.1.conv2.weight - torch.Size([128, 128, 3, 3]): 
The value is the same before and after calling `init_weights` of CBAMEnsembleVLMFiLM  

rgb_backbone.conv_encoder.model.layer2.1.conv3.weight - torch.Size([512, 128, 1, 1]): 
The value is the same before and after calling `init_weights` of CBAMEnsembleVLMFiLM  

rgb_backbone.conv_encoder.model.layer2.2.conv1.weight - torch.Size([128, 512, 1, 1]): 
The value is the same before and after calling `init_weights` of CBAMEnsembleVLMFiLM  

rgb_backbone.conv_encoder.model.layer2.2.conv2.weight - torch.Size([128, 128, 3, 3]): 
The value is the same before and after calling `init_weights` of CBAMEnsembleVLMFiLM  

rgb_backbone.conv_encoder.model.layer2.2.conv3.weight - torch.Size([512, 128, 1, 1]): 
The value is the same before and after calling `init_weights` of CBAMEnsembleVLMFiLM  

rgb_backbone.conv_encoder.model.layer2.3.conv1.weight - torch.Size([128, 512, 1, 1]): 
The value is the same before and after calling `init_weights` of CBAMEnsembleVLMFiLM  

rgb_backbone.conv_encoder.model.layer2.3.conv2.weight - torch.Size([128, 128, 3, 3]): 
The value is the same before and after calling `init_weights` of CBAMEnsembleVLMFiLM  

rgb_backbone.conv_encoder.model.layer2.3.conv3.weight - torch.Size([512, 128, 1, 1]): 
The value is the same before and after calling `init_weights` of CBAMEnsembleVLMFiLM  

rgb_backbone.conv_encoder.model.layer3.0.conv1.weight - torch.Size([256, 512, 1, 1]): 
The value is the same before and after calling `init_weights` of CBAMEnsembleVLMFiLM  

rgb_backbone.conv_encoder.model.layer3.0.conv2.weight - torch.Size([256, 256, 3, 3]): 
The value is the same before and after calling `init_weights` of CBAMEnsembleVLMFiLM  

rgb_backbone.conv_encoder.model.layer3.0.conv3.weight - torch.Size([1024, 256, 1, 1]): 
The value is the same before and after calling `init_weights` of CBAMEnsembleVLMFiLM  

rgb_backbone.conv_encoder.model.layer3.0.downsample.0.weight - torch.Size([1024, 512, 1, 1]): 
The value is the same before and after calling `init_weights` of CBAMEnsembleVLMFiLM  

rgb_backbone.conv_encoder.model.layer3.1.conv1.weight - torch.Size([256, 1024, 1, 1]): 
The value is the same before and after calling `init_weights` of CBAMEnsembleVLMFiLM  

rgb_backbone.conv_encoder.model.layer3.1.conv2.weight - torch.Size([256, 256, 3, 3]): 
The value is the same before and after calling `init_weights` of CBAMEnsembleVLMFiLM  

rgb_backbone.conv_encoder.model.layer3.1.conv3.weight - torch.Size([1024, 256, 1, 1]): 
The value is the same before and after calling `init_weights` of CBAMEnsembleVLMFiLM  

rgb_backbone.conv_encoder.model.layer3.2.conv1.weight - torch.Size([256, 1024, 1, 1]): 
The value is the same before and after calling `init_weights` of CBAMEnsembleVLMFiLM  

rgb_backbone.conv_encoder.model.layer3.2.conv2.weight - torch.Size([256, 256, 3, 3]): 
The value is the same before and after calling `init_weights` of CBAMEnsembleVLMFiLM  

rgb_backbone.conv_encoder.model.layer3.2.conv3.weight - torch.Size([1024, 256, 1, 1]): 
The value is the same before and after calling `init_weights` of CBAMEnsembleVLMFiLM  

rgb_backbone.conv_encoder.model.layer3.3.conv1.weight - torch.Size([256, 1024, 1, 1]): 
The value is the same before and after calling `init_weights` of CBAMEnsembleVLMFiLM  

rgb_backbone.conv_encoder.model.layer3.3.conv2.weight - torch.Size([256, 256, 3, 3]): 
The value is the same before and after calling `init_weights` of CBAMEnsembleVLMFiLM  

rgb_backbone.conv_encoder.model.layer3.3.conv3.weight - torch.Size([1024, 256, 1, 1]): 
The value is the same before and after calling `init_weights` of CBAMEnsembleVLMFiLM  

rgb_backbone.conv_encoder.model.layer3.4.conv1.weight - torch.Size([256, 1024, 1, 1]): 
The value is the same before and after calling `init_weights` of CBAMEnsembleVLMFiLM  

rgb_backbone.conv_encoder.model.layer3.4.conv2.weight - torch.Size([256, 256, 3, 3]): 
The value is the same before and after calling `init_weights` of CBAMEnsembleVLMFiLM  

rgb_backbone.conv_encoder.model.layer3.4.conv3.weight - torch.Size([1024, 256, 1, 1]): 
The value is the same before and after calling `init_weights` of CBAMEnsembleVLMFiLM  

rgb_backbone.conv_encoder.model.layer3.5.conv1.weight - torch.Size([256, 1024, 1, 1]): 
The value is the same before and after calling `init_weights` of CBAMEnsembleVLMFiLM  

rgb_backbone.conv_encoder.model.layer3.5.conv2.weight - torch.Size([256, 256, 3, 3]): 
The value is the same before and after calling `init_weights` of CBAMEnsembleVLMFiLM  

rgb_backbone.conv_encoder.model.layer3.5.conv3.weight - torch.Size([1024, 256, 1, 1]): 
The value is the same before and after calling `init_weights` of CBAMEnsembleVLMFiLM  

rgb_backbone.conv_encoder.model.layer3.6.conv1.weight - torch.Size([256, 1024, 1, 1]): 
The value is the same before and after calling `init_weights` of CBAMEnsembleVLMFiLM  

rgb_backbone.conv_encoder.model.layer3.6.conv2.weight - torch.Size([256, 256, 3, 3]): 
The value is the same before and after calling `init_weights` of CBAMEnsembleVLMFiLM  

rgb_backbone.conv_encoder.model.layer3.6.conv3.weight - torch.Size([1024, 256, 1, 1]): 
The value is the same before and after calling `init_weights` of CBAMEnsembleVLMFiLM  

rgb_backbone.conv_encoder.model.layer3.7.conv1.weight - torch.Size([256, 1024, 1, 1]): 
The value is the same before and after calling `init_weights` of CBAMEnsembleVLMFiLM  

rgb_backbone.conv_encoder.model.layer3.7.conv2.weight - torch.Size([256, 256, 3, 3]): 
The value is the same before and after calling `init_weights` of CBAMEnsembleVLMFiLM  

rgb_backbone.conv_encoder.model.layer3.7.conv3.weight - torch.Size([1024, 256, 1, 1]): 
The value is the same before and after calling `init_weights` of CBAMEnsembleVLMFiLM  

rgb_backbone.conv_encoder.model.layer3.8.conv1.weight - torch.Size([256, 1024, 1, 1]): 
The value is the same before and after calling `init_weights` of CBAMEnsembleVLMFiLM  

rgb_backbone.conv_encoder.model.layer3.8.conv2.weight - torch.Size([256, 256, 3, 3]): 
The value is the same before and after calling `init_weights` of CBAMEnsembleVLMFiLM  

rgb_backbone.conv_encoder.model.layer3.8.conv3.weight - torch.Size([1024, 256, 1, 1]): 
The value is the same before and after calling `init_weights` of CBAMEnsembleVLMFiLM  

rgb_backbone.conv_encoder.model.layer3.9.conv1.weight - torch.Size([256, 1024, 1, 1]): 
The value is the same before and after calling `init_weights` of CBAMEnsembleVLMFiLM  

rgb_backbone.conv_encoder.model.layer3.9.conv2.weight - torch.Size([256, 256, 3, 3]): 
The value is the same before and after calling `init_weights` of CBAMEnsembleVLMFiLM  

rgb_backbone.conv_encoder.model.layer3.9.conv3.weight - torch.Size([1024, 256, 1, 1]): 
The value is the same before and after calling `init_weights` of CBAMEnsembleVLMFiLM  

rgb_backbone.conv_encoder.model.layer3.10.conv1.weight - torch.Size([256, 1024, 1, 1]): 
The value is the same before and after calling `init_weights` of CBAMEnsembleVLMFiLM  

rgb_backbone.conv_encoder.model.layer3.10.conv2.weight - torch.Size([256, 256, 3, 3]): 
The value is the same before and after calling `init_weights` of CBAMEnsembleVLMFiLM  

rgb_backbone.conv_encoder.model.layer3.10.conv3.weight - torch.Size([1024, 256, 1, 1]): 
The value is the same before and after calling `init_weights` of CBAMEnsembleVLMFiLM  

rgb_backbone.conv_encoder.model.layer3.11.conv1.weight - torch.Size([256, 1024, 1, 1]): 
The value is the same before and after calling `init_weights` of CBAMEnsembleVLMFiLM  

rgb_backbone.conv_encoder.model.layer3.11.conv2.weight - torch.Size([256, 256, 3, 3]): 
The value is the same before and after calling `init_weights` of CBAMEnsembleVLMFiLM  

rgb_backbone.conv_encoder.model.layer3.11.conv3.weight - torch.Size([1024, 256, 1, 1]): 
The value is the same before and after calling `init_weights` of CBAMEnsembleVLMFiLM  

rgb_backbone.conv_encoder.model.layer3.12.conv1.weight - torch.Size([256, 1024, 1, 1]): 
The value is the same before and after calling `init_weights` of CBAMEnsembleVLMFiLM  

rgb_backbone.conv_encoder.model.layer3.12.conv2.weight - torch.Size([256, 256, 3, 3]): 
The value is the same before and after calling `init_weights` of CBAMEnsembleVLMFiLM  

rgb_backbone.conv_encoder.model.layer3.12.conv3.weight - torch.Size([1024, 256, 1, 1]): 
The value is the same before and after calling `init_weights` of CBAMEnsembleVLMFiLM  

rgb_backbone.conv_encoder.model.layer3.13.conv1.weight - torch.Size([256, 1024, 1, 1]): 
The value is the same before and after calling `init_weights` of CBAMEnsembleVLMFiLM  

rgb_backbone.conv_encoder.model.layer3.13.conv2.weight - torch.Size([256, 256, 3, 3]): 
The value is the same before and after calling `init_weights` of CBAMEnsembleVLMFiLM  

rgb_backbone.conv_encoder.model.layer3.13.conv3.weight - torch.Size([1024, 256, 1, 1]): 
The value is the same before and after calling `init_weights` of CBAMEnsembleVLMFiLM  

rgb_backbone.conv_encoder.model.layer3.14.conv1.weight - torch.Size([256, 1024, 1, 1]): 
The value is the same before and after calling `init_weights` of CBAMEnsembleVLMFiLM  

rgb_backbone.conv_encoder.model.layer3.14.conv2.weight - torch.Size([256, 256, 3, 3]): 
The value is the same before and after calling `init_weights` of CBAMEnsembleVLMFiLM  

rgb_backbone.conv_encoder.model.layer3.14.conv3.weight - torch.Size([1024, 256, 1, 1]): 
The value is the same before and after calling `init_weights` of CBAMEnsembleVLMFiLM  

rgb_backbone.conv_encoder.model.layer3.15.conv1.weight - torch.Size([256, 1024, 1, 1]): 
The value is the same before and after calling `init_weights` of CBAMEnsembleVLMFiLM  

rgb_backbone.conv_encoder.model.layer3.15.conv2.weight - torch.Size([256, 256, 3, 3]): 
The value is the same before and after calling `init_weights` of CBAMEnsembleVLMFiLM  

rgb_backbone.conv_encoder.model.layer3.15.conv3.weight - torch.Size([1024, 256, 1, 1]): 
The value is the same before and after calling `init_weights` of CBAMEnsembleVLMFiLM  

rgb_backbone.conv_encoder.model.layer3.16.conv1.weight - torch.Size([256, 1024, 1, 1]): 
The value is the same before and after calling `init_weights` of CBAMEnsembleVLMFiLM  

rgb_backbone.conv_encoder.model.layer3.16.conv2.weight - torch.Size([256, 256, 3, 3]): 
The value is the same before and after calling `init_weights` of CBAMEnsembleVLMFiLM  

rgb_backbone.conv_encoder.model.layer3.16.conv3.weight - torch.Size([1024, 256, 1, 1]): 
The value is the same before and after calling `init_weights` of CBAMEnsembleVLMFiLM  

rgb_backbone.conv_encoder.model.layer3.17.conv1.weight - torch.Size([256, 1024, 1, 1]): 
The value is the same before and after calling `init_weights` of CBAMEnsembleVLMFiLM  

rgb_backbone.conv_encoder.model.layer3.17.conv2.weight - torch.Size([256, 256, 3, 3]): 
The value is the same before and after calling `init_weights` of CBAMEnsembleVLMFiLM  

rgb_backbone.conv_encoder.model.layer3.17.conv3.weight - torch.Size([1024, 256, 1, 1]): 
The value is the same before and after calling `init_weights` of CBAMEnsembleVLMFiLM  

rgb_backbone.conv_encoder.model.layer3.18.conv1.weight - torch.Size([256, 1024, 1, 1]): 
The value is the same before and after calling `init_weights` of CBAMEnsembleVLMFiLM  

rgb_backbone.conv_encoder.model.layer3.18.conv2.weight - torch.Size([256, 256, 3, 3]): 
The value is the same before and after calling `init_weights` of CBAMEnsembleVLMFiLM  

rgb_backbone.conv_encoder.model.layer3.18.conv3.weight - torch.Size([1024, 256, 1, 1]): 
The value is the same before and after calling `init_weights` of CBAMEnsembleVLMFiLM  

rgb_backbone.conv_encoder.model.layer3.19.conv1.weight - torch.Size([256, 1024, 1, 1]): 
The value is the same before and after calling `init_weights` of CBAMEnsembleVLMFiLM  

rgb_backbone.conv_encoder.model.layer3.19.conv2.weight - torch.Size([256, 256, 3, 3]): 
The value is the same before and after calling `init_weights` of CBAMEnsembleVLMFiLM  

rgb_backbone.conv_encoder.model.layer3.19.conv3.weight - torch.Size([1024, 256, 1, 1]): 
The value is the same before and after calling `init_weights` of CBAMEnsembleVLMFiLM  

rgb_backbone.conv_encoder.model.layer3.20.conv1.weight - torch.Size([256, 1024, 1, 1]): 
The value is the same before and after calling `init_weights` of CBAMEnsembleVLMFiLM  

rgb_backbone.conv_encoder.model.layer3.20.conv2.weight - torch.Size([256, 256, 3, 3]): 
The value is the same before and after calling `init_weights` of CBAMEnsembleVLMFiLM  

rgb_backbone.conv_encoder.model.layer3.20.conv3.weight - torch.Size([1024, 256, 1, 1]): 
The value is the same before and after calling `init_weights` of CBAMEnsembleVLMFiLM  

rgb_backbone.conv_encoder.model.layer3.21.conv1.weight - torch.Size([256, 1024, 1, 1]): 
The value is the same before and after calling `init_weights` of CBAMEnsembleVLMFiLM  

rgb_backbone.conv_encoder.model.layer3.21.conv2.weight - torch.Size([256, 256, 3, 3]): 
The value is the same before and after calling `init_weights` of CBAMEnsembleVLMFiLM  

rgb_backbone.conv_encoder.model.layer3.21.conv3.weight - torch.Size([1024, 256, 1, 1]): 
The value is the same before and after calling `init_weights` of CBAMEnsembleVLMFiLM  

rgb_backbone.conv_encoder.model.layer3.22.conv1.weight - torch.Size([256, 1024, 1, 1]): 
The value is the same before and after calling `init_weights` of CBAMEnsembleVLMFiLM  

rgb_backbone.conv_encoder.model.layer3.22.conv2.weight - torch.Size([256, 256, 3, 3]): 
The value is the same before and after calling `init_weights` of CBAMEnsembleVLMFiLM  

rgb_backbone.conv_encoder.model.layer3.22.conv3.weight - torch.Size([1024, 256, 1, 1]): 
The value is the same before and after calling `init_weights` of CBAMEnsembleVLMFiLM  

rgb_backbone.conv_encoder.model.layer4.0.conv1.weight - torch.Size([512, 1024, 1, 1]): 
The value is the same before and after calling `init_weights` of CBAMEnsembleVLMFiLM  

rgb_backbone.conv_encoder.model.layer4.0.conv2.weight - torch.Size([512, 512, 3, 3]): 
The value is the same before and after calling `init_weights` of CBAMEnsembleVLMFiLM  

rgb_backbone.conv_encoder.model.layer4.0.conv3.weight - torch.Size([2048, 512, 1, 1]): 
The value is the same before and after calling `init_weights` of CBAMEnsembleVLMFiLM  

rgb_backbone.conv_encoder.model.layer4.0.downsample.0.weight - torch.Size([2048, 1024, 1, 1]): 
The value is the same before and after calling `init_weights` of CBAMEnsembleVLMFiLM  

rgb_backbone.conv_encoder.model.layer4.1.conv1.weight - torch.Size([512, 2048, 1, 1]): 
The value is the same before and after calling `init_weights` of CBAMEnsembleVLMFiLM  

rgb_backbone.conv_encoder.model.layer4.1.conv2.weight - torch.Size([512, 512, 3, 3]): 
The value is the same before and after calling `init_weights` of CBAMEnsembleVLMFiLM  

rgb_backbone.conv_encoder.model.layer4.1.conv3.weight - torch.Size([2048, 512, 1, 1]): 
The value is the same before and after calling `init_weights` of CBAMEnsembleVLMFiLM  

rgb_backbone.conv_encoder.model.layer4.2.conv1.weight - torch.Size([512, 2048, 1, 1]): 
The value is the same before and after calling `init_weights` of CBAMEnsembleVLMFiLM  

rgb_backbone.conv_encoder.model.layer4.2.conv2.weight - torch.Size([512, 512, 3, 3]): 
The value is the same before and after calling `init_weights` of CBAMEnsembleVLMFiLM  

rgb_backbone.conv_encoder.model.layer4.2.conv3.weight - torch.Size([2048, 512, 1, 1]): 
The value is the same before and after calling `init_weights` of CBAMEnsembleVLMFiLM  

rgb_input_projection.weight - torch.Size([256, 2048, 1, 1]): 
The value is the same before and after calling `init_weights` of CBAMEnsembleVLMFiLM  

rgb_input_projection.bias - torch.Size([256]): 
The value is the same before and after calling `init_weights` of CBAMEnsembleVLMFiLM  

lidar_backbone.blocks.0.0.weight - torch.Size([128, 384, 3, 3]): 
KaimingInit: a=0, mode=fan_out, nonlinearity=relu, distribution =normal, bias=0 

lidar_backbone.blocks.0.1.weight - torch.Size([128]): 
The value is the same before and after calling `init_weights` of CBAMEnsembleVLMFiLM  

lidar_backbone.blocks.0.1.bias - torch.Size([128]): 
The value is the same before and after calling `init_weights` of CBAMEnsembleVLMFiLM  

lidar_backbone.blocks.0.3.weight - torch.Size([128, 128, 3, 3]): 
KaimingInit: a=0, mode=fan_out, nonlinearity=relu, distribution =normal, bias=0 

lidar_backbone.blocks.0.4.weight - torch.Size([128]): 
The value is the same before and after calling `init_weights` of CBAMEnsembleVLMFiLM  

lidar_backbone.blocks.0.4.bias - torch.Size([128]): 
The value is the same before and after calling `init_weights` of CBAMEnsembleVLMFiLM  

lidar_backbone.blocks.0.6.weight - torch.Size([128, 128, 3, 3]): 
KaimingInit: a=0, mode=fan_out, nonlinearity=relu, distribution =normal, bias=0 

lidar_backbone.blocks.0.7.weight - torch.Size([128]): 
The value is the same before and after calling `init_weights` of CBAMEnsembleVLMFiLM  

lidar_backbone.blocks.0.7.bias - torch.Size([128]): 
The value is the same before and after calling `init_weights` of CBAMEnsembleVLMFiLM  

lidar_backbone.blocks.0.9.weight - torch.Size([128, 128, 3, 3]): 
KaimingInit: a=0, mode=fan_out, nonlinearity=relu, distribution =normal, bias=0 

lidar_backbone.blocks.0.10.weight - torch.Size([128]): 
The value is the same before and after calling `init_weights` of CBAMEnsembleVLMFiLM  

lidar_backbone.blocks.0.10.bias - torch.Size([128]): 
The value is the same before and after calling `init_weights` of CBAMEnsembleVLMFiLM  

lidar_backbone.blocks.0.12.weight - torch.Size([128, 128, 3, 3]): 
KaimingInit: a=0, mode=fan_out, nonlinearity=relu, distribution =normal, bias=0 

lidar_backbone.blocks.0.13.weight - torch.Size([128]): 
The value is the same before and after calling `init_weights` of CBAMEnsembleVLMFiLM  

lidar_backbone.blocks.0.13.bias - torch.Size([128]): 
The value is the same before and after calling `init_weights` of CBAMEnsembleVLMFiLM  

lidar_backbone.blocks.0.15.weight - torch.Size([128, 128, 3, 3]): 
KaimingInit: a=0, mode=fan_out, nonlinearity=relu, distribution =normal, bias=0 

lidar_backbone.blocks.0.16.weight - torch.Size([128]): 
The value is the same before and after calling `init_weights` of CBAMEnsembleVLMFiLM  

lidar_backbone.blocks.0.16.bias - torch.Size([128]): 
The value is the same before and after calling `init_weights` of CBAMEnsembleVLMFiLM  

lidar_backbone.blocks.1.0.weight - torch.Size([256, 128, 3, 3]): 
KaimingInit: a=0, mode=fan_out, nonlinearity=relu, distribution =normal, bias=0 

lidar_backbone.blocks.1.1.weight - torch.Size([256]): 
The value is the same before and after calling `init_weights` of CBAMEnsembleVLMFiLM  

lidar_backbone.blocks.1.1.bias - torch.Size([256]): 
The value is the same before and after calling `init_weights` of CBAMEnsembleVLMFiLM  

lidar_backbone.blocks.1.3.weight - torch.Size([256, 256, 3, 3]): 
KaimingInit: a=0, mode=fan_out, nonlinearity=relu, distribution =normal, bias=0 

lidar_backbone.blocks.1.4.weight - torch.Size([256]): 
The value is the same before and after calling `init_weights` of CBAMEnsembleVLMFiLM  

lidar_backbone.blocks.1.4.bias - torch.Size([256]): 
The value is the same before and after calling `init_weights` of CBAMEnsembleVLMFiLM  

lidar_backbone.blocks.1.6.weight - torch.Size([256, 256, 3, 3]): 
KaimingInit: a=0, mode=fan_out, nonlinearity=relu, distribution =normal, bias=0 

lidar_backbone.blocks.1.7.weight - torch.Size([256]): 
The value is the same before and after calling `init_weights` of CBAMEnsembleVLMFiLM  

lidar_backbone.blocks.1.7.bias - torch.Size([256]): 
The value is the same before and after calling `init_weights` of CBAMEnsembleVLMFiLM  

lidar_backbone.blocks.1.9.weight - torch.Size([256, 256, 3, 3]): 
KaimingInit: a=0, mode=fan_out, nonlinearity=relu, distribution =normal, bias=0 

lidar_backbone.blocks.1.10.weight - torch.Size([256]): 
The value is the same before and after calling `init_weights` of CBAMEnsembleVLMFiLM  

lidar_backbone.blocks.1.10.bias - torch.Size([256]): 
The value is the same before and after calling `init_weights` of CBAMEnsembleVLMFiLM  

lidar_backbone.blocks.1.12.weight - torch.Size([256, 256, 3, 3]): 
KaimingInit: a=0, mode=fan_out, nonlinearity=relu, distribution =normal, bias=0 

lidar_backbone.blocks.1.13.weight - torch.Size([256]): 
The value is the same before and after calling `init_weights` of CBAMEnsembleVLMFiLM  

lidar_backbone.blocks.1.13.bias - torch.Size([256]): 
The value is the same before and after calling `init_weights` of CBAMEnsembleVLMFiLM  

lidar_backbone.blocks.1.15.weight - torch.Size([256, 256, 3, 3]): 
KaimingInit: a=0, mode=fan_out, nonlinearity=relu, distribution =normal, bias=0 

lidar_backbone.blocks.1.16.weight - torch.Size([256]): 
The value is the same before and after calling `init_weights` of CBAMEnsembleVLMFiLM  

lidar_backbone.blocks.1.16.bias - torch.Size([256]): 
The value is the same before and after calling `init_weights` of CBAMEnsembleVLMFiLM  

lidar_middle_encoder.conv_input.0.weight - torch.Size([16, 3, 3, 3, 5]): 
The value is the same before and after calling `init_weights` of CBAMEnsembleVLMFiLM  

lidar_middle_encoder.conv_input.1.weight - torch.Size([16]): 
The value is the same before and after calling `init_weights` of CBAMEnsembleVLMFiLM  

lidar_middle_encoder.conv_input.1.bias - torch.Size([16]): 
The value is the same before and after calling `init_weights` of CBAMEnsembleVLMFiLM  

lidar_middle_encoder.encoder_layers.encoder_layer1.0.0.weight - torch.Size([16, 3, 3, 3, 16]): 
The value is the same before and after calling `init_weights` of CBAMEnsembleVLMFiLM  

lidar_middle_encoder.encoder_layers.encoder_layer1.0.1.weight - torch.Size([16]): 
The value is the same before and after calling `init_weights` of CBAMEnsembleVLMFiLM  

lidar_middle_encoder.encoder_layers.encoder_layer1.0.1.bias - torch.Size([16]): 
The value is the same before and after calling `init_weights` of CBAMEnsembleVLMFiLM  

lidar_middle_encoder.encoder_layers.encoder_layer2.0.0.weight - torch.Size([32, 3, 3, 3, 16]): 
The value is the same before and after calling `init_weights` of CBAMEnsembleVLMFiLM  

lidar_middle_encoder.encoder_layers.encoder_layer2.0.1.weight - torch.Size([32]): 
The value is the same before and after calling `init_weights` of CBAMEnsembleVLMFiLM  

lidar_middle_encoder.encoder_layers.encoder_layer2.0.1.bias - torch.Size([32]): 
The value is the same before and after calling `init_weights` of CBAMEnsembleVLMFiLM  

lidar_middle_encoder.encoder_layers.encoder_layer2.1.0.weight - torch.Size([32, 3, 3, 3, 32]): 
The value is the same before and after calling `init_weights` of CBAMEnsembleVLMFiLM  

lidar_middle_encoder.encoder_layers.encoder_layer2.1.1.weight - torch.Size([32]): 
The value is the same before and after calling `init_weights` of CBAMEnsembleVLMFiLM  

lidar_middle_encoder.encoder_layers.encoder_layer2.1.1.bias - torch.Size([32]): 
The value is the same before and after calling `init_weights` of CBAMEnsembleVLMFiLM  

lidar_middle_encoder.encoder_layers.encoder_layer2.2.0.weight - torch.Size([32, 3, 3, 3, 32]): 
The value is the same before and after calling `init_weights` of CBAMEnsembleVLMFiLM  

lidar_middle_encoder.encoder_layers.encoder_layer2.2.1.weight - torch.Size([32]): 
The value is the same before and after calling `init_weights` of CBAMEnsembleVLMFiLM  

lidar_middle_encoder.encoder_layers.encoder_layer2.2.1.bias - torch.Size([32]): 
The value is the same before and after calling `init_weights` of CBAMEnsembleVLMFiLM  

lidar_middle_encoder.encoder_layers.encoder_layer3.0.0.weight - torch.Size([64, 3, 3, 3, 32]): 
The value is the same before and after calling `init_weights` of CBAMEnsembleVLMFiLM  

lidar_middle_encoder.encoder_layers.encoder_layer3.0.1.weight - torch.Size([64]): 
The value is the same before and after calling `init_weights` of CBAMEnsembleVLMFiLM  

lidar_middle_encoder.encoder_layers.encoder_layer3.0.1.bias - torch.Size([64]): 
The value is the same before and after calling `init_weights` of CBAMEnsembleVLMFiLM  

lidar_middle_encoder.encoder_layers.encoder_layer3.1.0.weight - torch.Size([64, 3, 3, 3, 64]): 
The value is the same before and after calling `init_weights` of CBAMEnsembleVLMFiLM  

lidar_middle_encoder.encoder_layers.encoder_layer3.1.1.weight - torch.Size([64]): 
The value is the same before and after calling `init_weights` of CBAMEnsembleVLMFiLM  

lidar_middle_encoder.encoder_layers.encoder_layer3.1.1.bias - torch.Size([64]): 
The value is the same before and after calling `init_weights` of CBAMEnsembleVLMFiLM  

lidar_middle_encoder.encoder_layers.encoder_layer3.2.0.weight - torch.Size([64, 3, 3, 3, 64]): 
The value is the same before and after calling `init_weights` of CBAMEnsembleVLMFiLM  

lidar_middle_encoder.encoder_layers.encoder_layer3.2.1.weight - torch.Size([64]): 
The value is the same before and after calling `init_weights` of CBAMEnsembleVLMFiLM  

lidar_middle_encoder.encoder_layers.encoder_layer3.2.1.bias - torch.Size([64]): 
The value is the same before and after calling `init_weights` of CBAMEnsembleVLMFiLM  

lidar_middle_encoder.encoder_layers.encoder_layer4.0.0.weight - torch.Size([64, 3, 3, 3, 64]): 
The value is the same before and after calling `init_weights` of CBAMEnsembleVLMFiLM  

lidar_middle_encoder.encoder_layers.encoder_layer4.0.1.weight - torch.Size([64]): 
The value is the same before and after calling `init_weights` of CBAMEnsembleVLMFiLM  

lidar_middle_encoder.encoder_layers.encoder_layer4.0.1.bias - torch.Size([64]): 
The value is the same before and after calling `init_weights` of CBAMEnsembleVLMFiLM  

lidar_middle_encoder.encoder_layers.encoder_layer4.1.0.weight - torch.Size([64, 3, 3, 3, 64]): 
The value is the same before and after calling `init_weights` of CBAMEnsembleVLMFiLM  

lidar_middle_encoder.encoder_layers.encoder_layer4.1.1.weight - torch.Size([64]): 
The value is the same before and after calling `init_weights` of CBAMEnsembleVLMFiLM  

lidar_middle_encoder.encoder_layers.encoder_layer4.1.1.bias - torch.Size([64]): 
The value is the same before and after calling `init_weights` of CBAMEnsembleVLMFiLM  

lidar_middle_encoder.encoder_layers.encoder_layer4.2.0.weight - torch.Size([64, 3, 3, 3, 64]): 
The value is the same before and after calling `init_weights` of CBAMEnsembleVLMFiLM  

lidar_middle_encoder.encoder_layers.encoder_layer4.2.1.weight - torch.Size([64]): 
The value is the same before and after calling `init_weights` of CBAMEnsembleVLMFiLM  

lidar_middle_encoder.encoder_layers.encoder_layer4.2.1.bias - torch.Size([64]): 
The value is the same before and after calling `init_weights` of CBAMEnsembleVLMFiLM  

lidar_middle_encoder.conv_out.0.weight - torch.Size([128, 3, 1, 1, 64]): 
The value is the same before and after calling `init_weights` of CBAMEnsembleVLMFiLM  

lidar_middle_encoder.conv_out.1.weight - torch.Size([128]): 
The value is the same before and after calling `init_weights` of CBAMEnsembleVLMFiLM  

lidar_middle_encoder.conv_out.1.bias - torch.Size([128]): 
The value is the same before and after calling `init_weights` of CBAMEnsembleVLMFiLM  

neck.deblocks.0.0.weight - torch.Size([128, 256, 1, 1]): 
KaimingInit: a=0, mode=fan_out, nonlinearity=relu, distribution =normal, bias=0 

neck.deblocks.0.1.weight - torch.Size([256]): 
The value is the same before and after calling `init_weights` of CBAMEnsembleVLMFiLM  

neck.deblocks.0.1.bias - torch.Size([256]): 
The value is the same before and after calling `init_weights` of CBAMEnsembleVLMFiLM  

neck.deblocks.1.0.weight - torch.Size([256, 256, 2, 2]): 
KaimingInit: a=0, mode=fan_out, nonlinearity=relu, distribution =normal, bias=0 

neck.deblocks.1.1.weight - torch.Size([256]): 
The value is the same before and after calling `init_weights` of CBAMEnsembleVLMFiLM  

neck.deblocks.1.1.bias - torch.Size([256]): 
The value is the same before and after calling `init_weights` of CBAMEnsembleVLMFiLM  

bbox_head.conv_cls.weight - torch.Size([18, 512, 1, 1]): 
NormalInit: mean=0, std=0.01, bias=-4.59511985013459 

bbox_head.conv_cls.bias - torch.Size([18]): 
NormalInit: mean=0, std=0.01, bias=-4.59511985013459 

bbox_head.conv_reg.weight - torch.Size([42, 512, 1, 1]): 
NormalInit: mean=0, std=0.01, bias=0 

bbox_head.conv_reg.bias - torch.Size([42]): 
NormalInit: mean=0, std=0.01, bias=0 

bbox_head.conv_dir_cls.weight - torch.Size([12, 512, 1, 1]): 
NormalInit: mean=0, std=0.01, bias=0 

bbox_head.conv_dir_cls.bias - torch.Size([12]): 
NormalInit: mean=0, std=0.01, bias=0 

rgb_transform_layer.0.weight - torch.Size([256, 256, 6, 16]): 
The value is the same before and after calling `init_weights` of CBAMEnsembleVLMFiLM  

rgb_transform_layer.1.weight - torch.Size([256]): 
The value is the same before and after calling `init_weights` of CBAMEnsembleVLMFiLM  

rgb_transform_layer.1.bias - torch.Size([256]): 
The value is the same before and after calling `init_weights` of CBAMEnsembleVLMFiLM  

rgb_transform_layer.3.weight - torch.Size([256, 256, 1, 1]): 
The value is the same before and after calling `init_weights` of CBAMEnsembleVLMFiLM  

rgb_transform_layer.3.bias - torch.Size([256]): 
The value is the same before and after calling `init_weights` of CBAMEnsembleVLMFiLM  

rgb_transform_layer.4.weight - torch.Size([256]): 
The value is the same before and after calling `init_weights` of CBAMEnsembleVLMFiLM  

rgb_transform_layer.4.bias - torch.Size([256]): 
The value is the same before and after calling `init_weights` of CBAMEnsembleVLMFiLM  

rgb_transform_layer.6.weight - torch.Size([256, 256, 1, 1]): 
The value is the same before and after calling `init_weights` of CBAMEnsembleVLMFiLM  

rgb_transform_layer.6.bias - torch.Size([256]): 
The value is the same before and after calling `init_weights` of CBAMEnsembleVLMFiLM  

rgb_transform_layer.7.weight - torch.Size([256]): 
The value is the same before and after calling `init_weights` of CBAMEnsembleVLMFiLM  

rgb_transform_layer.7.bias - torch.Size([256]): 
The value is the same before and after calling `init_weights` of CBAMEnsembleVLMFiLM  

concat_head.cbam.sam.conv.weight - torch.Size([1, 2, 7, 7]): 
The value is the same before and after calling `init_weights` of CBAMEnsembleVLMFiLM  

concat_head.cbam.cam.linear.0.weight - torch.Size([320, 640]): 
The value is the same before and after calling `init_weights` of CBAMEnsembleVLMFiLM  

concat_head.cbam.cam.linear.0.bias - torch.Size([320]): 
The value is the same before and after calling `init_weights` of CBAMEnsembleVLMFiLM  

concat_head.cbam.cam.linear.2.weight - torch.Size([640, 320]): 
The value is the same before and after calling `init_weights` of CBAMEnsembleVLMFiLM  

concat_head.cbam.cam.linear.2.bias - torch.Size([640]): 
The value is the same before and after calling `init_weights` of CBAMEnsembleVLMFiLM  

concat_head.norm.weight - torch.Size([640]): 
The value is the same before and after calling `init_weights` of CBAMEnsembleVLMFiLM  

concat_head.norm.bias - torch.Size([640]): 
The value is the same before and after calling `init_weights` of CBAMEnsembleVLMFiLM  

concat_head.conv1.weight - torch.Size([384, 640, 1, 1]): 
The value is the same before and after calling `init_weights` of CBAMEnsembleVLMFiLM  

concat_head.conv1.bias - torch.Size([384]): 
The value is the same before and after calling `init_weights` of CBAMEnsembleVLMFiLM  

concat_head.norm1.weight - torch.Size([384]): 
The value is the same before and after calling `init_weights` of CBAMEnsembleVLMFiLM  

concat_head.norm1.bias - torch.Size([384]): 
The value is the same before and after calling `init_weights` of CBAMEnsembleVLMFiLM  

concat_head.conv2.weight - torch.Size([384, 384, 1, 1]): 
The value is the same before and after calling `init_weights` of CBAMEnsembleVLMFiLM  

concat_head.conv2.bias - torch.Size([384]): 
The value is the same before and after calling `init_weights` of CBAMEnsembleVLMFiLM  

concat_head.norm2.weight - torch.Size([384]): 
The value is the same before and after calling `init_weights` of CBAMEnsembleVLMFiLM  

concat_head.norm2.bias - torch.Size([384]): 
The value is the same before and after calling `init_weights` of CBAMEnsembleVLMFiLM  

concat_head.conv3.weight - torch.Size([384, 384, 1, 1]): 
The value is the same before and after calling `init_weights` of CBAMEnsembleVLMFiLM  

concat_head.conv3.bias - torch.Size([384]): 
The value is the same before and after calling `init_weights` of CBAMEnsembleVLMFiLM  

concat_head.norm3.weight - torch.Size([384]): 
The value is the same before and after calling `init_weights` of CBAMEnsembleVLMFiLM  

concat_head.norm3.bias - torch.Size([384]): 
The value is the same before and after calling `init_weights` of CBAMEnsembleVLMFiLM  

concat_head.film_modulation.linear.weight - torch.Size([1280, 10]): 
The value is the same before and after calling `init_weights` of CBAMEnsembleVLMFiLM  

concat_head.film_modulation.linear.bias - torch.Size([1280]): 
The value is the same before and after calling `init_weights` of CBAMEnsembleVLMFiLM  
2026/03/12 10:21:05 - mmengine - INFO - Auto resumed from the latest checkpoint None.
2026/03/12 10:21:05 - mmengine - WARNING - "FileClient" will be deprecated in future. Please use io functions in https://mmengine.readthedocs.io/en/latest/api/fileio.html#file-io
2026/03/12 10:21:05 - mmengine - WARNING - "HardDiskBackend" is the alias of "LocalBackend" and the former will be deprecated in future.
2026/03/12 10:21:05 - mmengine - INFO - Checkpoints will be saved to /home/asurite.ad.asu.edu/ataparia/VLCFusion/Waymo Experiment/YOUR_PATH/cbam_ensemble_vlm_film_30_conditions.
2026/03/12 10:21:11 - mmengine - INFO - Epoch(train)  [1][  10/3656]  lr: 1.0000e-03  eta: 21:39:57  time: 0.5334  data_time: 0.0475  memory: 5085  loss: 2.2171  loss_cls: 1.0891  loss_bbox: 0.9896  loss_dir: 0.1384
2026/03/12 10:21:15 - mmengine - INFO - Epoch(train)  [1][  20/3656]  lr: 1.0000e-03  eta: 18:28:15  time: 0.3761  data_time: 0.0006  memory: 5037  loss: 2.0356  loss_cls: 0.9810  loss_bbox: 0.9150  loss_dir: 0.1395
2026/03/12 10:21:18 - mmengine - INFO - Epoch(train)  [1][  30/3656]  lr: 1.0000e-03  eta: 17:21:02  time: 0.3721  data_time: 0.0006  memory: 4980  loss: 1.8854  loss_cls: 0.8240  loss_bbox: 0.9210  loss_dir: 0.1404
2026/03/12 10:21:22 - mmengine - INFO - Epoch(train)  [1][  40/3656]  lr: 1.0000e-03  eta: 16:44:59  time: 0.3682  data_time: 0.0006  memory: 5024  loss: 1.6845  loss_cls: 0.6677  loss_bbox: 0.8782  loss_dir: 0.1387
2026/03/12 10:21:26 - mmengine - INFO - Epoch(train)  [1][  50/3656]  lr: 1.0000e-03  eta: 16:22:05  time: 0.3656  data_time: 0.0005  memory: 4985  loss: 1.6946  loss_cls: 0.6153  loss_bbox: 0.9406  loss_dir: 0.1387
2026/03/12 10:21:29 - mmengine - INFO - Epoch(train)  [1][  60/3656]  lr: 1.0000e-03  eta: 16:09:03  time: 0.3711  data_time: 0.0005  memory: 4995  loss: 1.5374  loss_cls: 0.5341  loss_bbox: 0.8650  loss_dir: 0.1384
2026/03/12 10:21:33 - mmengine - INFO - Epoch(train)  [1][  70/3656]  lr: 1.0000e-03  eta: 15:58:40  time: 0.3681  data_time: 0.0008  memory: 5095  loss: 1.5280  loss_cls: 0.5041  loss_bbox: 0.8858  loss_dir: 0.1381
2026/03/12 10:21:37 - mmengine - INFO - Epoch(train)  [1][  80/3656]  lr: 1.0000e-03  eta: 15:54:20  time: 0.3795  data_time: 0.0006  memory: 4980  loss: 1.3226  loss_cls: 0.4409  loss_bbox: 0.7448  loss_dir: 0.1369
2026/03/12 10:21:40 - mmengine - INFO - Epoch(train)  [1][  90/3656]  lr: 1.0000e-03  eta: 15:48:08  time: 0.3691  data_time: 0.0005  memory: 4990  loss: 1.3382  loss_cls: 0.4369  loss_bbox: 0.7638  loss_dir: 0.1374
2026/03/12 10:21:44 - mmengine - INFO - Epoch(train)  [1][ 100/3656]  lr: 1.0000e-03  eta: 15:42:48  time: 0.3676  data_time: 0.0005  memory: 4994  loss: 1.2224  loss_cls: 0.4360  loss_bbox: 0.6510  loss_dir: 0.1354
2026/03/12 10:21:48 - mmengine - INFO - Epoch(train)  [1][ 110/3656]  lr: 1.0000e-03  eta: 15:37:51  time: 0.3650  data_time: 0.0005  memory: 5095  loss: 1.2799  loss_cls: 0.4105  loss_bbox: 0.7316  loss_dir: 0.1379
2026/03/12 10:21:52 - mmengine - INFO - Epoch(train)  [1][ 120/3656]  lr: 1.0000e-03  eta: 15:35:37  time: 0.3744  data_time: 0.0005  memory: 5042  loss: 1.1837  loss_cls: 0.3832  loss_bbox: 0.6651  loss_dir: 0.1353
2026/03/12 10:21:55 - mmengine - INFO - Epoch(train)  [1][ 130/3656]  lr: 1.0000e-03  eta: 15:32:59  time: 0.3705  data_time: 0.0005  memory: 5073  loss: 1.2068  loss_cls: 0.4067  loss_bbox: 0.6641  loss_dir: 0.1360
2026/03/12 10:21:59 - mmengine - INFO - Epoch(train)  [1][ 140/3656]  lr: 1.0000e-03  eta: 15:30:16  time: 0.3679  data_time: 0.0006  memory: 5061  loss: 1.3070  loss_cls: 0.4231  loss_bbox: 0.7437  loss_dir: 0.1403
2026/03/12 10:22:03 - mmengine - INFO - Epoch(train)  [1][ 150/3656]  lr: 1.0000e-03  eta: 15:29:13  time: 0.3759  data_time: 0.0006  memory: 5051  loss: 1.2130  loss_cls: 0.3969  loss_bbox: 0.6797  loss_dir: 0.1364
2026/03/12 10:22:06 - mmengine - INFO - Epoch(train)  [1][ 160/3656]  lr: 1.0000e-03  eta: 15:27:48  time: 0.3727  data_time: 0.0006  memory: 5030  loss: 1.1975  loss_cls: 0.3782  loss_bbox: 0.6822  loss_dir: 0.1372
2026/03/12 10:22:10 - mmengine - INFO - Epoch(train)  [1][ 170/3656]  lr: 1.0000e-03  eta: 15:25:06  time: 0.3627  data_time: 0.0006  memory: 5031  loss: 1.1633  loss_cls: 0.3990  loss_bbox: 0.6296  loss_dir: 0.1347
2026/03/12 10:22:14 - mmengine - INFO - Epoch(train)  [1][ 180/3656]  lr: 1.0000e-03  eta: 15:24:00  time: 0.3723  data_time: 0.0006  memory: 5049  loss: 1.1387  loss_cls: 0.3787  loss_bbox: 0.6248  loss_dir: 0.1353
2026/03/12 10:22:17 - mmengine - INFO - Epoch(train)  [1][ 190/3656]  lr: 1.0000e-03  eta: 15:23:06  time: 0.3731  data_time: 0.0005  memory: 4979  loss: 1.1299  loss_cls: 0.3517  loss_bbox: 0.6438  loss_dir: 0.1343
2026/03/12 10:22:21 - mmengine - INFO - Epoch(train)  [1][ 200/3656]  lr: 1.0000e-03  eta: 15:20:59  time: 0.3624  data_time: 0.0005  memory: 4980  loss: 1.1498  loss_cls: 0.3598  loss_bbox: 0.6551  loss_dir: 0.1349
2026/03/12 10:22:25 - mmengine - INFO - Epoch(train)  [1][ 210/3656]  lr: 1.0000e-03  eta: 15:18:38  time: 0.3586  data_time: 0.0005  memory: 4979  loss: 1.0965  loss_cls: 0.3490  loss_bbox: 0.6141  loss_dir: 0.1334
2026/03/12 10:22:28 - mmengine - INFO - Epoch(train)  [1][ 220/3656]  lr: 1.0000e-03  eta: 15:18:37  time: 0.3779  data_time: 0.0006  memory: 5014  loss: 1.1057  loss_cls: 0.3361  loss_bbox: 0.6366  loss_dir: 0.1330
2026/03/12 10:22:32 - mmengine - INFO - Epoch(train)  [1][ 230/3656]  lr: 1.0000e-03  eta: 15:17:13  time: 0.3647  data_time: 0.0006  memory: 4980  loss: 1.0790  loss_cls: 0.3392  loss_bbox: 0.6045  loss_dir: 0.1354
2026/03/12 10:22:36 - mmengine - INFO - Epoch(train)  [1][ 240/3656]  lr: 1.0000e-03  eta: 15:15:42  time: 0.3626  data_time: 0.0006  memory: 5032  loss: 1.1160  loss_cls: 0.3406  loss_bbox: 0.6425  loss_dir: 0.1330
2026/03/12 10:22:39 - mmengine - INFO - Epoch(train)  [1][ 250/3656]  lr: 1.0000e-03  eta: 15:15:02  time: 0.3700  data_time: 0.0006  memory: 5002  loss: 1.0687  loss_cls: 0.3537  loss_bbox: 0.5812  loss_dir: 0.1338
2026/03/12 10:22:43 - mmengine - INFO - Epoch(train)  [1][ 260/3656]  lr: 1.0000e-03  eta: 15:14:06  time: 0.3668  data_time: 0.0006  memory: 5063  loss: 1.0714  loss_cls: 0.3462  loss_bbox: 0.5920  loss_dir: 0.1331
2026/03/12 10:22:47 - mmengine - INFO - Epoch(train)  [1][ 270/3656]  lr: 1.0000e-03  eta: 15:13:47  time: 0.3730  data_time: 0.0006  memory: 4997  loss: 1.0596  loss_cls: 0.3313  loss_bbox: 0.5980  loss_dir: 0.1304
2026/03/12 10:22:51 - mmengine - INFO - Epoch(train)  [1][ 280/3656]  lr: 1.0000e-03  eta: 15:13:35  time: 0.3740  data_time: 0.0005  memory: 5030  loss: 1.0717  loss_cls: 0.3332  loss_bbox: 0.6036  loss_dir: 0.1349
2026/03/12 10:22:54 - mmengine - INFO - Epoch(train)  [1][ 290/3656]  lr: 1.0000e-03  eta: 15:12:52  time: 0.3677  data_time: 0.0005  memory: 4979  loss: 1.0540  loss_cls: 0.3209  loss_bbox: 0.5974  loss_dir: 0.1357
2026/03/12 10:22:58 - mmengine - INFO - Epoch(train)  [1][ 300/3656]  lr: 1.0000e-03  eta: 15:11:49  time: 0.3633  data_time: 0.0005  memory: 4979  loss: 1.0704  loss_cls: 0.3361  loss_bbox: 0.6041  loss_dir: 0.1302
2026/03/12 10:23:02 - mmengine - INFO - Epoch(train)  [1][ 310/3656]  lr: 1.0000e-03  eta: 15:11:17  time: 0.3687  data_time: 0.0005  memory: 4980  loss: 1.0226  loss_cls: 0.3229  loss_bbox: 0.5689  loss_dir: 0.1308
2026/03/12 10:23:05 - mmengine - INFO - Epoch(train)  [1][ 320/3656]  lr: 1.0000e-03  eta: 15:11:07  time: 0.3733  data_time: 0.0005  memory: 4980  loss: 1.0838  loss_cls: 0.3266  loss_bbox: 0.6270  loss_dir: 0.1302
2026/03/12 10:23:09 - mmengine - INFO - Epoch(train)  [1][ 330/3656]  lr: 1.0000e-03  eta: 15:10:33  time: 0.3678  data_time: 0.0005  memory: 5083  loss: 1.0501  loss_cls: 0.3172  loss_bbox: 0.6027  loss_dir: 0.1302
2026/03/12 10:23:13 - mmengine - INFO - Epoch(train)  [1][ 340/3656]  lr: 1.0000e-03  eta: 15:10:13  time: 0.3707  data_time: 0.0005  memory: 5072  loss: 1.0454  loss_cls: 0.3264  loss_bbox: 0.5916  loss_dir: 0.1274
2026/03/12 10:23:17 - mmengine - INFO - Epoch(train)  [1][ 350/3656]  lr: 1.0000e-03  eta: 15:10:37  time: 0.3811  data_time: 0.0005  memory: 4980  loss: 1.0481  loss_cls: 0.3249  loss_bbox: 0.5929  loss_dir: 0.1303
2026/03/12 10:23:20 - mmengine - INFO - Epoch(train)  [1][ 360/3656]  lr: 1.0000e-03  eta: 15:09:55  time: 0.3651  data_time: 0.0005  memory: 5052  loss: 1.0100  loss_cls: 0.3062  loss_bbox: 0.5772  loss_dir: 0.1266
2026/03/12 10:23:24 - mmengine - INFO - Epoch(train)  [1][ 370/3656]  lr: 1.0000e-03  eta: 15:09:51  time: 0.3741  data_time: 0.0005  memory: 4979  loss: 0.9821  loss_cls: 0.3162  loss_bbox: 0.5372  loss_dir: 0.1287
2026/03/12 10:23:28 - mmengine - INFO - Epoch(train)  [1][ 380/3656]  lr: 1.0000e-03  eta: 15:09:43  time: 0.3731  data_time: 0.0006  memory: 5110  loss: 1.0238  loss_cls: 0.3227  loss_bbox: 0.5746  loss_dir: 0.1265
2026/03/12 10:23:31 - mmengine - INFO - Epoch(train)  [1][ 390/3656]  lr: 1.0000e-03  eta: 15:09:14  time: 0.3673  data_time: 0.0006  memory: 5114  loss: 0.9843  loss_cls: 0.3024  loss_bbox: 0.5581  loss_dir: 0.1237
2026/03/12 10:23:35 - mmengine - INFO - Epoch(train)  [1][ 400/3656]  lr: 1.0000e-03  eta: 15:08:25  time: 0.3618  data_time: 0.0006  memory: 4984  loss: 0.9452  loss_cls: 0.3011  loss_bbox: 0.5218  loss_dir: 0.1224
2026/03/12 10:23:39 - mmengine - INFO - Epoch(train)  [1][ 410/3656]  lr: 1.0000e-03  eta: 15:08:29  time: 0.3758  data_time: 0.0006  memory: 4980  loss: 0.9635  loss_cls: 0.2971  loss_bbox: 0.5443  loss_dir: 0.1221
2026/03/12 10:23:42 - mmengine - INFO - Epoch(train)  [1][ 420/3656]  lr: 1.0000e-03  eta: 15:07:57  time: 0.3657  data_time: 0.0005  memory: 4984  loss: 1.0338  loss_cls: 0.3238  loss_bbox: 0.5865  loss_dir: 0.1235
2026/03/12 10:23:46 - mmengine - INFO - Epoch(train)  [1][ 430/3656]  lr: 1.0000e-03  eta: 15:07:46  time: 0.3714  data_time: 0.0006  memory: 5131  loss: 1.0065  loss_cls: 0.3209  loss_bbox: 0.5656  loss_dir: 0.1200
2026/03/12 10:23:50 - mmengine - INFO - Epoch(train)  [1][ 440/3656]  lr: 1.0000e-03  eta: 15:07:49  time: 0.3756  data_time: 0.0005  memory: 4979  loss: 1.0072  loss_cls: 0.2959  loss_bbox: 0.5903  loss_dir: 0.1210
2026/03/12 10:23:53 - mmengine - INFO - Epoch(train)  [1][ 450/3656]  lr: 1.0000e-03  eta: 15:07:13  time: 0.3636  data_time: 0.0005  memory: 4980  loss: 1.0054  loss_cls: 0.3111  loss_bbox: 0.5724  loss_dir: 0.1219
2026/03/12 10:23:57 - mmengine - INFO - Epoch(train)  [1][ 460/3656]  lr: 1.0000e-03  eta: 15:07:05  time: 0.3721  data_time: 0.0006  memory: 4989  loss: 0.9939  loss_cls: 0.3180  loss_bbox: 0.5565  loss_dir: 0.1195
2026/03/12 10:24:01 - mmengine - INFO - Epoch(train)  [1][ 470/3656]  lr: 1.0000e-03  eta: 15:06:20  time: 0.3598  data_time: 0.0006  memory: 4979  loss: 0.9659  loss_cls: 0.2982  loss_bbox: 0.5490  loss_dir: 0.1187
2026/03/12 10:24:05 - mmengine - INFO - Epoch(train)  [1][ 480/3656]  lr: 1.0000e-03  eta: 15:06:26  time: 0.3764  data_time: 0.0006  memory: 5014  loss: 0.9292  loss_cls: 0.2945  loss_bbox: 0.5201  loss_dir: 0.1146
2026/03/12 10:24:08 - mmengine - INFO - Epoch(train)  [1][ 490/3656]  lr: 1.0000e-03  eta: 15:06:38  time: 0.3783  data_time: 0.0006  memory: 5109  loss: 0.9526  loss_cls: 0.2890  loss_bbox: 0.5462  loss_dir: 0.1174
2026/03/12 10:24:12 - mmengine - INFO - Epoch(train)  [1][ 500/3656]  lr: 1.0000e-03  eta: 15:06:21  time: 0.3686  data_time: 0.0005  memory: 4978  loss: 0.9548  loss_cls: 0.3046  loss_bbox: 0.5361  loss_dir: 0.1142
2026/03/12 10:24:16 - mmengine - INFO - Epoch(train)  [1][ 510/3656]  lr: 1.0000e-03  eta: 15:06:26  time: 0.3765  data_time: 0.0005  memory: 5119  loss: 0.9952  loss_cls: 0.3196  loss_bbox: 0.5588  loss_dir: 0.1168
2026/03/12 10:24:19 - mmengine - INFO - Epoch(train)  [1][ 520/3656]  lr: 1.0000e-03  eta: 15:05:55  time: 0.3633  data_time: 0.0005  memory: 5077  loss: 0.9499  loss_cls: 0.3002  loss_bbox: 0.5365  loss_dir: 0.1132
2026/03/12 10:24:23 - mmengine - INFO - Epoch(train)  [1][ 530/3656]  lr: 1.0000e-03  eta: 15:05:44  time: 0.3706  data_time: 0.0005  memory: 4980  loss: 1.0182  loss_cls: 0.3208  loss_bbox: 0.5836  loss_dir: 0.1138
2026/03/12 10:24:27 - mmengine - INFO - Epoch(train)  [1][ 540/3656]  lr: 1.0000e-03  eta: 15:05:48  time: 0.3758  data_time: 0.0005  memory: 5128  loss: 0.9861  loss_cls: 0.3097  loss_bbox: 0.5634  loss_dir: 0.1130
2026/03/12 10:24:31 - mmengine - INFO - Epoch(train)  [1][ 550/3656]  lr: 1.0000e-03  eta: 15:05:24  time: 0.3653  data_time: 0.0005  memory: 4979  loss: 0.9078  loss_cls: 0.2950  loss_bbox: 0.5027  loss_dir: 0.1101
2026/03/12 10:24:34 - mmengine - INFO - Epoch(train)  [1][ 560/3656]  lr: 1.0000e-03  eta: 15:05:18  time: 0.3721  data_time: 0.0006  memory: 4979  loss: 0.9431  loss_cls: 0.3037  loss_bbox: 0.5297  loss_dir: 0.1097
2026/03/12 10:24:38 - mmengine - INFO - Epoch(train)  [1][ 570/3656]  lr: 1.0000e-03  eta: 15:05:13  time: 0.3721  data_time: 0.0005  memory: 5061  loss: 0.9796  loss_cls: 0.3038  loss_bbox: 0.5615  loss_dir: 0.1143
2026/03/12 10:24:42 - mmengine - INFO - Epoch(train)  [1][ 580/3656]  lr: 1.0000e-03  eta: 15:05:05  time: 0.3714  data_time: 0.0006  memory: 4980  loss: 0.9976  loss_cls: 0.3182  loss_bbox: 0.5676  loss_dir: 0.1118
2026/03/12 10:24:45 - mmengine - INFO - Epoch(train)  [1][ 590/3656]  lr: 1.0000e-03  eta: 15:04:50  time: 0.3681  data_time: 0.0006  memory: 4979  loss: 0.9059  loss_cls: 0.2890  loss_bbox: 0.5088  loss_dir: 0.1081
2026/03/12 10:24:49 - mmengine - INFO - Epoch(train)  [1][ 600/3656]  lr: 1.0000e-03  eta: 15:04:43  time: 0.3715  data_time: 0.0006  memory: 5073  loss: 0.9435  loss_cls: 0.2972  loss_bbox: 0.5373  loss_dir: 0.1091
2026/03/12 10:24:53 - mmengine - INFO - Epoch(train)  [1][ 610/3656]  lr: 1.0000e-03  eta: 15:04:42  time: 0.3738  data_time: 0.0005  memory: 5083  loss: 0.9213  loss_cls: 0.2916  loss_bbox: 0.5226  loss_dir: 0.1072
2026/03/12 10:24:56 - mmengine - INFO - Epoch(train)  [1][ 620/3656]  lr: 1.0000e-03  eta: 15:04:30  time: 0.3694  data_time: 0.0005  memory: 5092  loss: 0.9058  loss_cls: 0.2845  loss_bbox: 0.5158  loss_dir: 0.1055
2026/03/12 10:25:00 - mmengine - INFO - Epoch(train)  [1][ 630/3656]  lr: 1.0000e-03  eta: 15:04:31  time: 0.3745  data_time: 0.0006  memory: 4979  loss: 0.9365  loss_cls: 0.2829  loss_bbox: 0.5465  loss_dir: 0.1071
2026/03/12 10:25:04 - mmengine - INFO - Epoch(train)  [1][ 640/3656]  lr: 1.0000e-03  eta: 15:04:17  time: 0.3683  data_time: 0.0006  memory: 5147  loss: 0.9114  loss_cls: 0.2823  loss_bbox: 0.5258  loss_dir: 0.1034
2026/03/12 10:25:08 - mmengine - INFO - Epoch(train)  [1][ 650/3656]  lr: 1.0000e-03  eta: 15:04:22  time: 0.3765  data_time: 0.0005  memory: 5100  loss: 1.0313  loss_cls: 0.3153  loss_bbox: 0.6050  loss_dir: 0.1111
2026/03/12 10:25:11 - mmengine - INFO - Epoch(train)  [1][ 660/3656]  lr: 1.0000e-03  eta: 15:04:15  time: 0.3714  data_time: 0.0005  memory: 4980  loss: 0.8994  loss_cls: 0.2782  loss_bbox: 0.5173  loss_dir: 0.1040
2026/03/12 10:25:15 - mmengine - INFO - Epoch(train)  [1][ 670/3656]  lr: 1.0000e-03  eta: 15:04:06  time: 0.3703  data_time: 0.0006  memory: 4980  loss: 0.8607  loss_cls: 0.2726  loss_bbox: 0.4885  loss_dir: 0.0997
2026/03/12 10:25:19 - mmengine - INFO - Epoch(train)  [1][ 680/3656]  lr: 1.0000e-03  eta: 15:03:44  time: 0.3638  data_time: 0.0006  memory: 4978  loss: 0.9440  loss_cls: 0.2924  loss_bbox: 0.5468  loss_dir: 0.1049
2026/03/12 10:25:22 - mmengine - INFO - Epoch(train)  [1][ 690/3656]  lr: 1.0000e-03  eta: 15:03:32  time: 0.3688  data_time: 0.0006  memory: 5001  loss: 0.9297  loss_cls: 0.2899  loss_bbox: 0.5376  loss_dir: 0.1022
2026/03/12 10:25:26 - mmengine - INFO - Epoch(train)  [1][ 700/3656]  lr: 1.0000e-03  eta: 15:03:19  time: 0.3678  data_time: 0.0005  memory: 4979  loss: 0.9387  loss_cls: 0.2977  loss_bbox: 0.5361  loss_dir: 0.1049
2026/03/12 10:25:30 - mmengine - INFO - Epoch(train)  [1][ 710/3656]  lr: 1.0000e-03  eta: 15:03:18  time: 0.3737  data_time: 0.0006  memory: 4979  loss: 0.8958  loss_cls: 0.2802  loss_bbox: 0.5132  loss_dir: 0.1025
2026/03/12 10:25:33 - mmengine - INFO - Epoch(train)  [1][ 720/3656]  lr: 1.0000e-03  eta: 15:02:59  time: 0.3649  data_time: 0.0006  memory: 4980  loss: 0.9108  loss_cls: 0.2874  loss_bbox: 0.5206  loss_dir: 0.1027
2026/03/12 10:25:37 - mmengine - INFO - Epoch(train)  [1][ 730/3656]  lr: 1.0000e-03  eta: 15:02:42  time: 0.3655  data_time: 0.0005  memory: 5034  loss: 0.8873  loss_cls: 0.2787  loss_bbox: 0.5074  loss_dir: 0.1013
2026/03/12 10:25:41 - mmengine - INFO - Epoch(train)  [1][ 740/3656]  lr: 1.0000e-03  eta: 15:02:32  time: 0.3691  data_time: 0.0006  memory: 5050  loss: 0.9060  loss_cls: 0.2847  loss_bbox: 0.5236  loss_dir: 0.0978
2026/03/12 10:25:45 - mmengine - INFO - Epoch(train)  [1][ 750/3656]  lr: 1.0000e-03  eta: 15:02:24  time: 0.3699  data_time: 0.0006  memory: 5004  loss: 0.8645  loss_cls: 0.2957  loss_bbox: 0.4733  loss_dir: 0.0956
2026/03/12 10:25:48 - mmengine - INFO - Epoch(train)  [1][ 760/3656]  lr: 1.0000e-03  eta: 15:02:26  time: 0.3754  data_time: 0.0006  memory: 5065  loss: 0.9500  loss_cls: 0.2960  loss_bbox: 0.5556  loss_dir: 0.0984
2026/03/12 10:25:52 - mmengine - INFO - Epoch(train)  [1][ 770/3656]  lr: 1.0000e-03  eta: 15:02:20  time: 0.3707  data_time: 0.0006  memory: 4980  loss: 0.9175  loss_cls: 0.2942  loss_bbox: 0.5216  loss_dir: 0.1016
2026/03/12 10:25:56 - mmengine - INFO - Epoch(train)  [1][ 780/3656]  lr: 1.0000e-03  eta: 15:02:03  time: 0.3652  data_time: 0.0005  memory: 5129  loss: 0.9608  loss_cls: 0.3085  loss_bbox: 0.5456  loss_dir: 0.1066
2026/03/12 10:25:59 - mmengine - INFO - Epoch(train)  [1][ 790/3656]  lr: 1.0000e-03  eta: 15:02:06  time: 0.3760  data_time: 0.0005  memory: 5018  loss: 0.8807  loss_cls: 0.2793  loss_bbox: 0.5003  loss_dir: 0.1011
2026/03/12 10:26:03 - mmengine - INFO - Epoch(train)  [1][ 800/3656]  lr: 1.0000e-03  eta: 15:02:16  time: 0.3797  data_time: 0.0006  memory: 5030  loss: 0.8911  loss_cls: 0.2840  loss_bbox: 0.5096  loss_dir: 0.0976
2026/03/12 10:26:07 - mmengine - INFO - Epoch(train)  [1][ 810/3656]  lr: 1.0000e-03  eta: 15:02:12  time: 0.3719  data_time: 0.0006  memory: 4979  loss: 0.9116  loss_cls: 0.2876  loss_bbox: 0.5270  loss_dir: 0.0970
2026/03/12 10:26:11 - mmengine - INFO - Epoch(train)  [1][ 820/3656]  lr: 1.0000e-03  eta: 15:02:05  time: 0.3706  data_time: 0.0006  memory: 5005  loss: 0.8936  loss_cls: 0.2753  loss_bbox: 0.5220  loss_dir: 0.0963
2026/03/12 10:26:14 - mmengine - INFO - Epoch(train)  [1][ 830/3656]  lr: 1.0000e-03  eta: 15:01:52  time: 0.3669  data_time: 0.0005  memory: 4978  loss: 0.8654  loss_cls: 0.2693  loss_bbox: 0.5013  loss_dir: 0.0948
2026/03/12 10:26:18 - mmengine - INFO - Epoch(train)  [1][ 840/3656]  lr: 1.0000e-03  eta: 15:01:44  time: 0.3695  data_time: 0.0006  memory: 5081  loss: 0.8896  loss_cls: 0.2767  loss_bbox: 0.5141  loss_dir: 0.0988
2026/03/12 10:26:22 - mmengine - INFO - Epoch(train)  [1][ 850/3656]  lr: 1.0000e-03  eta: 15:01:46  time: 0.3752  data_time: 0.0005  memory: 5014  loss: 0.8777  loss_cls: 0.2769  loss_bbox: 0.5063  loss_dir: 0.0944
2026/03/12 10:26:25 - mmengine - INFO - Epoch(train)  [1][ 860/3656]  lr: 1.0000e-03  eta: 15:01:46  time: 0.3743  data_time: 0.0006  memory: 4979  loss: 0.8917  loss_cls: 0.2727  loss_bbox: 0.5248  loss_dir: 0.0942
2026/03/12 10:26:29 - mmengine - INFO - Epoch(train)  [1][ 870/3656]  lr: 1.0000e-03  eta: 15:01:41  time: 0.3715  data_time: 0.0006  memory: 4980  loss: 0.9623  loss_cls: 0.2983  loss_bbox: 0.5659  loss_dir: 0.0981
2026/03/12 10:26:33 - mmengine - INFO - Epoch(train)  [1][ 880/3656]  lr: 1.0000e-03  eta: 15:01:38  time: 0.3728  data_time: 0.0006  memory: 4980  loss: 0.8266  loss_cls: 0.2678  loss_bbox: 0.4695  loss_dir: 0.0893
2026/03/12 10:26:37 - mmengine - INFO - Epoch(train)  [1][ 890/3656]  lr: 1.0000e-03  eta: 15:01:37  time: 0.3738  data_time: 0.0006  memory: 5038  loss: 0.8777  loss_cls: 0.2813  loss_bbox: 0.5010  loss_dir: 0.0954
2026/03/12 10:26:40 - mmengine - INFO - Epoch(train)  [1][ 900/3656]  lr: 1.0000e-03  eta: 15:01:28  time: 0.3689  data_time: 0.0006  memory: 5192  loss: 0.8716  loss_cls: 0.2727  loss_bbox: 0.5067  loss_dir: 0.0923
2026/03/12 10:26:44 - mmengine - INFO - Epoch(train)  [1][ 910/3656]  lr: 1.0000e-03  eta: 15:01:15  time: 0.3663  data_time: 0.0005  memory: 4994  loss: 0.8706  loss_cls: 0.2759  loss_bbox: 0.5013  loss_dir: 0.0934
2026/03/12 10:26:48 - mmengine - INFO - Epoch(train)  [1][ 920/3656]  lr: 1.0000e-03  eta: 15:01:03  time: 0.3671  data_time: 0.0006  memory: 5071  loss: 0.8922  loss_cls: 0.2870  loss_bbox: 0.5100  loss_dir: 0.0952
2026/03/12 10:26:51 - mmengine - INFO - Epoch(train)  [1][ 930/3656]  lr: 1.0000e-03  eta: 15:00:47  time: 0.3637  data_time: 0.0005  memory: 5042  loss: 0.8418  loss_cls: 0.2749  loss_bbox: 0.4710  loss_dir: 0.0959
2026/03/12 10:26:55 - mmengine - INFO - Epoch(train)  [1][ 940/3656]  lr: 1.0000e-03  eta: 15:00:48  time: 0.3752  data_time: 0.0006  memory: 4991  loss: 0.8547  loss_cls: 0.2699  loss_bbox: 0.4910  loss_dir: 0.0938
2026/03/12 10:26:59 - mmengine - INFO - Epoch(train)  [1][ 950/3656]  lr: 1.0000e-03  eta: 15:00:41  time: 0.3699  data_time: 0.0006  memory: 4982  loss: 0.8212  loss_cls: 0.2714  loss_bbox: 0.4606  loss_dir: 0.0892
2026/03/12 10:27:02 - mmengine - INFO - Epoch(train)  [1][ 960/3656]  lr: 1.0000e-03  eta: 15:00:32  time: 0.3682  data_time: 0.0005  memory: 5004  loss: 0.8788  loss_cls: 0.2838  loss_bbox: 0.5039  loss_dir: 0.0912
2026/03/12 10:27:06 - mmengine - INFO - Epoch(train)  [1][ 970/3656]  lr: 1.0000e-03  eta: 15:00:34  time: 0.3763  data_time: 0.0005  memory: 5039  loss: 0.9327  loss_cls: 0.2857  loss_bbox: 0.5493  loss_dir: 0.0977
2026/03/12 10:27:10 - mmengine - INFO - Epoch(train)  [1][ 980/3656]  lr: 1.0000e-03  eta: 15:00:31  time: 0.3724  data_time: 0.0005  memory: 5167  loss: 0.8836  loss_cls: 0.2715  loss_bbox: 0.5170  loss_dir: 0.0951
2026/03/12 10:27:14 - mmengine - INFO - Epoch(train)  [1][ 990/3656]  lr: 1.0000e-03  eta: 15:00:10  time: 0.3600  data_time: 0.0005  memory: 5080  loss: 0.8606  loss_cls: 0.2827  loss_bbox: 0.4882  loss_dir: 0.0897
2026/03/12 10:27:17 - mmengine - INFO - Exp name: cbam_ensemble_vlm_film_10_conditions_20260312_101928
2026/03/12 10:27:17 - mmengine - INFO - Epoch(train)  [1][1000/3656]  lr: 1.0000e-03  eta: 14:59:59  time: 0.3668  data_time: 0.0005  memory: 5025  loss: 0.8833  loss_cls: 0.2803  loss_bbox: 0.5092  loss_dir: 0.0938
2026/03/12 10:27:21 - mmengine - INFO - Epoch(train)  [1][1010/3656]  lr: 1.0000e-03  eta: 14:59:54  time: 0.3705  data_time: 0.0005  memory: 4979  loss: 0.8692  loss_cls: 0.2744  loss_bbox: 0.5022  loss_dir: 0.0927
2026/03/12 10:27:25 - mmengine - INFO - Epoch(train)  [1][1020/3656]  lr: 1.0000e-03  eta: 14:59:51  time: 0.3722  data_time: 0.0005  memory: 4990  loss: 0.8703  loss_cls: 0.2733  loss_bbox: 0.5080  loss_dir: 0.0889
2026/03/12 10:27:28 - mmengine - INFO - Epoch(train)  [1][1030/3656]  lr: 1.0000e-03  eta: 14:59:42  time: 0.3683  data_time: 0.0005  memory: 4981  loss: 0.8495  loss_cls: 0.2820  loss_bbox: 0.4758  loss_dir: 0.0917
2026/03/12 10:27:32 - mmengine - INFO - Epoch(train)  [1][1040/3656]  lr: 1.0000e-03  eta: 14:59:32  time: 0.3673  data_time: 0.0005  memory: 5039  loss: 0.8789  loss_cls: 0.2702  loss_bbox: 0.5157  loss_dir: 0.0930
2026/03/12 10:27:36 - mmengine - INFO - Epoch(train)  [1][1050/3656]  lr: 1.0000e-03  eta: 14:59:29  time: 0.3724  data_time: 0.0005  memory: 5027  loss: 0.8407  loss_cls: 0.2664  loss_bbox: 0.4847  loss_dir: 0.0896
2026/03/12 10:27:39 - mmengine - INFO - Epoch(train)  [1][1060/3656]  lr: 1.0000e-03  eta: 14:59:10  time: 0.3605  data_time: 0.0005  memory: 4989  loss: 0.8869  loss_cls: 0.2660  loss_bbox: 0.5278  loss_dir: 0.0931
2026/03/12 10:27:43 - mmengine - INFO - Epoch(train)  [1][1070/3656]  lr: 1.0000e-03  eta: 14:59:07  time: 0.3719  data_time: 0.0005  memory: 5073  loss: 0.8481  loss_cls: 0.2654  loss_bbox: 0.4937  loss_dir: 0.0891
2026/03/12 10:27:47 - mmengine - INFO - Epoch(train)  [1][1080/3656]  lr: 1.0000e-03  eta: 14:58:51  time: 0.3629  data_time: 0.0006  memory: 5029  loss: 0.9055  loss_cls: 0.2809  loss_bbox: 0.5310  loss_dir: 0.0936
2026/03/12 10:27:50 - mmengine - INFO - Epoch(train)  [1][1090/3656]  lr: 1.0000e-03  eta: 14:58:49  time: 0.3729  data_time: 0.0005  memory: 5168  loss: 0.8841  loss_cls: 0.2734  loss_bbox: 0.5229  loss_dir: 0.0878
2026/03/12 10:27:54 - mmengine - INFO - Epoch(train)  [1][1100/3656]  lr: 1.0000e-03  eta: 14:58:28  time: 0.3579  data_time: 0.0005  memory: 4979  loss: 0.8553  loss_cls: 0.2715  loss_bbox: 0.4921  loss_dir: 0.0917
2026/03/12 10:27:58 - mmengine - INFO - Epoch(train)  [1][1110/3656]  lr: 1.0000e-03  eta: 14:58:15  time: 0.3645  data_time: 0.0005  memory: 5094  loss: 0.8061  loss_cls: 0.2560  loss_bbox: 0.4576  loss_dir: 0.0925
2026/03/12 10:28:01 - mmengine - INFO - Epoch(train)  [1][1120/3656]  lr: 1.0000e-03  eta: 14:58:11  time: 0.3709  data_time: 0.0005  memory: 5051  loss: 0.8858  loss_cls: 0.2803  loss_bbox: 0.5139  loss_dir: 0.0916
2026/03/12 10:28:05 - mmengine - INFO - Epoch(train)  [1][1130/3656]  lr: 1.0000e-03  eta: 14:58:11  time: 0.3745  data_time: 0.0005  memory: 4980  loss: 0.8978  loss_cls: 0.2840  loss_bbox: 0.5218  loss_dir: 0.0920
2026/03/12 10:28:09 - mmengine - INFO - Epoch(train)  [1][1140/3656]  lr: 1.0000e-03  eta: 14:58:09  time: 0.3725  data_time: 0.0005  memory: 5019  loss: 0.8593  loss_cls: 0.2711  loss_bbox: 0.4998  loss_dir: 0.0884
2026/03/12 10:28:12 - mmengine - INFO - Epoch(train)  [1][1150/3656]  lr: 1.0000e-03  eta: 14:58:00  time: 0.3672  data_time: 0.0005  memory: 5004  loss: 0.7779  loss_cls: 0.2528  loss_bbox: 0.4409  loss_dir: 0.0843
2026/03/12 10:28:16 - mmengine - INFO - Epoch(train)  [1][1160/3656]  lr: 1.0000e-03  eta: 14:58:01  time: 0.3758  data_time: 0.0005  memory: 4980  loss: 0.8681  loss_cls: 0.2645  loss_bbox: 0.5171  loss_dir: 0.0866
2026/03/12 10:28:20 - mmengine - INFO - Epoch(train)  [1][1170/3656]  lr: 1.0000e-03  eta: 14:57:49  time: 0.3643  data_time: 0.0006  memory: 5179  loss: 0.8387  loss_cls: 0.2697  loss_bbox: 0.4796  loss_dir: 0.0894
2026/03/12 10:28:24 - mmengine - INFO - Epoch(train)  [1][1180/3656]  lr: 1.0000e-03  eta: 14:57:42  time: 0.3686  data_time: 0.0005  memory: 5031  loss: 0.8369  loss_cls: 0.2596  loss_bbox: 0.4892  loss_dir: 0.0881
